npm notice run sentinelops-web@1.0.0 test:unit
npm notice run vitest run --run tests/unit/confirm-dialog-accessibility.test.tsx

 RUN  v4.1.11 /home/monody/project/SentinelOps/web

 ❯ tests/unit/confirm-dialog-accessibility.test.tsx (1 test | 1 failed) 107ms
   × has labelled dialog, description, required reason and escape dismissal 106ms

⎯⎯⎯⎯⎯⎯⎯ Failed Tests 1 ⎯⎯⎯⎯⎯⎯⎯

 FAIL  tests/unit/confirm-dialog-accessibility.test.tsx > has labelled dialog, description, required reason and escape dismissal
TestingLibraryElementError: Unable to find an accessible element with the role "dialog" and name "Confirm recovery"

Here are the accessible roles:

  heading:

  Name "Confirm recovery":
  <h3
    class="text-base font-semibold text-gray-900"
  />

  --------------------------------------------------
  paragraph:

  Name "":
  <p
    class="text-sm text-gray-500 mt-1 leading-relaxed"
  />

  --------------------------------------------------
  textbox:

  Name "理由（必填）":
  <textarea
    class="w-full rounded-lg border border-slate-200 px-3 py-2 text-sm text-slate-700 outline-none focus:border-indigo-400 focus:ring-2 focus:ring-indigo-100"
    id="confirm-dialog-reason"
    placeholder="请输入理由"
    rows="3"
  />

  --------------------------------------------------
  button:

  Name "":
  <button
    class="text-gray-400 hover:text-gray-600 flex-shrink-0 -mt-0.5"
  />

  Name "取消":
  <button
    class="btn-default"
  />

  Name "删除":
  <button
    class="btn bg-red-600 text-white hover:bg-red-700"
    disabled=""
  />

  --------------------------------------------------

Ignored nodes: comments, script, style
<body>
  <div>
    <div
      class="fixed inset-0 z-50 flex items-center justify-center bg-black/40"
    >
      <div
        class="bg-white rounded-2xl shadow-xl w-full max-w-sm mx-4 p-6"
      >
        <div
          class="flex items-start gap-3 mb-5"
        >
          <div
            class="w-10 h-10 rounded-full bg-red-50 flex items-center justify-center flex-shrink-0 mt-0.5"
          >
            <svg
              aria-hidden="true"
              class="lucide lucide-triangle-alert w-5 h-5 text-red-500"
              fill="none"
              height="24"
              stroke="currentColor"
              stroke-linecap="round"
              stroke-linejoin="round"
              stroke-width="2"
              viewBox="0 0 24 24"
              width="24"
              xmlns="http://www.w3.org/2000/svg"
            >
              <path
                d="m21.73 18-8-14a2 2 0 0 0-3.48 0l-8 14A2 2 0 0 0 4 21h16a2 2 0 0 0 1.73-3"
              />
              <path
                d="M12 9v4"
              />
              <path
                d="M12 17h.01"
              />
            </svg>
          </div>
          <div
            class="flex-1 min-w-0"
          >
            <h3
              class="text-base font-semibold text-gray-900"
            >
              Confirm recovery
            </h3>
            <p
              class="text-sm text-gray-500 mt-1 leading-relaxed"
            >
              Audited operation
            </p>
            <div
              class="mt-4"
            >
              <label
                class="block text-xs font-medium text-gray-600 mb-1"
                for="confirm-dialog-reason"
              >
                理由
                （必填）
              </label>
              <textarea
                class="w-full rounded-lg border border-slate-200 px-3 py-2 text-sm text-slate-700 outline-none focus:border-indigo-400 focus:ring-2 focus:ring-indigo-100"
                id="confirm-dialog-reason"
                placeholder="请输入理由"
                rows="3"
              />
            </div>
          </div>
          <button
            class="text-gray-400 hover:text-gray-600 flex-shrink-0 -mt-0.5"
          >
            <svg
              aria-hidden="true"
              class="lucide lucide-x w-4 h-4"
              fill="none"
              height="24"
              stroke="currentColor"
              stroke-linecap="round"
              stroke-linejoin="round"
              stroke-width="2"
              viewBox="0 0 24 24"
              width="24"
              xmlns="http://www.w3.org/2000/svg"
            >
              <path
                d="M18 6 6 18"
              />
              <path
                d="m6 6 12 12"
              />
            </svg>
          </button>
        </div>
        <div
          class="flex justify-end gap-3"
        >
          <button
            class="btn-default"
          >
            取消
          </button>
          <button
            class="btn bg-red-600 text-white hover:bg-red-700"
            disabled=""
          >
            删除
          </button>
        </div>
      </div>
    </div>
  </div>
</body>
 ❯ Object.getElementError node_modules/@testing-library/dom/dist/config.js:37:19
 ❯ node_modules/@testing-library/dom/dist/query-helpers.js:76:38
 ❯ node_modules/@testing-library/dom/dist/query-helpers.js:52:17
 ❯ node_modules/@testing-library/dom/dist/query-helpers.js:95:19
 ❯ tests/unit/confirm-dialog-accessibility.test.tsx:8:25
      6|   const close = vi.fn()
      7|   render(<ConfirmDialog open title="Confirm recovery" description="Aud…
      8|   const dialog = screen.getByRole('dialog', { name: 'Confirm recovery'…
       |                         ^
      9|   expect(dialog).toHaveAccessibleDescription('Audited operation')
     10|   expect(screen.getByRole('button', { name: '删除' })).toBeDisabled()

⎯⎯⎯⎯⎯⎯⎯⎯⎯⎯⎯⎯⎯⎯⎯⎯⎯⎯⎯⎯⎯⎯⎯⎯[1/1]⎯


 Test Files  1 failed (1)
      Tests  1 failed (1)
   Start at  14:19:49
   Duration  780ms (transform 40ms, setup 58ms, import 100ms, tests 107ms, environment 411ms)
