npm notice run sentinelops-web@1.0.0 npx
npm notice run 'playwright' test tests/ui/layout-regressions.spec.ts tests/ui/legacy-demo-labels.spec.ts tests/ui/rag-eval-resilience.spec.ts --workers=1

Running 6 tests using 1 worker

(node:34773) Warning: The 'NO_COLOR' env is ignored due to the 'FORCE_COLOR' env being set.
(Use `node --trace-warnings ...` to show where the warning was created)


[1/6] [chromium] › tests/ui/layout-regressions.spec.ts:3:3 › analysis columns stay local at 1280
  1) [chromium] › tests/ui/layout-regressions.spec.ts:3:3 › analysis columns stay local at 1280 ────

    Error: expect(locator).toBeVisible() failed

    Locator: getByText('思考链路', { exact: true })
    Expected: visible
    Timeout: 5000ms
    Error: element(s) not found

    Call log:
      - Expect "toBeVisible" with timeout 5000ms
      - waiting for getByText('思考链路', { exact: true })


       6 |     await page.route('**/api/**', route => route.fulfill({ json: { data: { total: 1, events: [] } } }))
       7 |     await page.goto('/events/analysis')
    >  8 |     await expect(page.getByText('思考链路', { exact: true })).toBeVisible()
         |                                                           ^
       9 |     expect(await page.locator('main').evaluate(el => el.scrollWidth <= el.clientWidth)).toBe(true)
      10 |     expect(await page.evaluate(() => document.documentElement.scrollWidth === document.documentElement.clientWidth)).toBe(true)
      11 |   })
        at /home/monody/project/SentinelOps/web/tests/ui/layout-regressions.spec.ts:8:59

    Error Context: test-results/ui-layout-regressions-analysis-columns-stay-local-at-1280-chromium/error-context.md

    attachment #2: trace (application/zip) ─────────────────────────────────────────────────────────
    test-results/ui-layout-regressions-analysis-columns-stay-local-at-1280-chromium/trace.zip
    Usage:

        npx playwright show-trace test-results/ui-layout-regressions-analysis-columns-stay-local-at-1280-chromium/trace.zip

    ────────────────────────────────────────────────────────────────────────────────────────────────


(node:35054) Warning: The 'NO_COLOR' env is ignored due to the 'FORCE_COLOR' env being set.
(Use `node --trace-warnings ...` to show where the warning was created)


[2/6] [chromium] › tests/ui/layout-regressions.spec.ts:3:3 › analysis columns stay local at 1440
  2) [chromium] › tests/ui/layout-regressions.spec.ts:3:3 › analysis columns stay local at 1440 ────

    Error: page.goto: net::ERR_CONNECTION_REFUSED at http://127.0.0.1:5173/events/analysis
    Call log:
      - navigating to "http://127.0.0.1:5173/events/analysis", waiting until "load"


       5 |     await page.addInitScript(() => localStorage.setItem('token', 'fixture'))
       6 |     await page.route('**/api/**', route => route.fulfill({ json: { data: { total: 1, events: [] } } }))
    >  7 |     await page.goto('/events/analysis')
         |                ^
       8 |     await expect(page.getByText('思考链路', { exact: true })).toBeVisible()
       9 |     expect(await page.locator('main').evaluate(el => el.scrollWidth <= el.clientWidth)).toBe(true)
      10 |     expect(await page.evaluate(() => document.documentElement.scrollWidth === document.documentElement.clientWidth)).toBe(true)
        at /home/monody/project/SentinelOps/web/tests/ui/layout-regressions.spec.ts:7:16

    Error Context: test-results/ui-layout-regressions-analysis-columns-stay-local-at-1440-chromium/error-context.md

    attachment #2: trace (application/zip) ─────────────────────────────────────────────────────────
    test-results/ui-layout-regressions-analysis-columns-stay-local-at-1440-chromium/trace.zip
    Usage:

        npx playwright show-trace test-results/ui-layout-regressions-analysis-columns-stay-local-at-1440-chromium/trace.zip

    ────────────────────────────────────────────────────────────────────────────────────────────────


(node:35231) Warning: The 'NO_COLOR' env is ignored due to the 'FORCE_COLOR' env being set.
(Use `node --trace-warnings ...` to show where the warning was created)


[3/6] [chromium] › tests/ui/legacy-demo-labels.spec.ts:2:1 › analysis source is explicitly legacy/demo
  3) [chromium] › tests/ui/legacy-demo-labels.spec.ts:2:1 › analysis source is explicitly legacy/demo

    Error: page.goto: net::ERR_CONNECTION_REFUSED at http://127.0.0.1:5173/events/analysis
    Call log:
      - navigating to "http://127.0.0.1:5173/events/analysis", waiting until "load"


      3 |   await page.addInitScript(() => localStorage.setItem('token', 'fixture'))
      4 |   await page.route('**/api/**', route => route.fulfill({ json: { data: { total: 1, events: [] } } }))
    > 5 |   await page.goto('/events/analysis')
        |              ^
      6 |   await expect(page.getByTestId('analysis-source-label')).toContainText('legacy / demo')
      7 |   await expect(page.getByTestId('analysis-source-label')).toContainText('模拟')
      8 |   await expect(page.getByTestId('runtime-recovery-button')).toHaveCount(0)
        at /home/monody/project/SentinelOps/web/tests/ui/legacy-demo-labels.spec.ts:5:14

    Error Context: test-results/ui-legacy-demo-labels-anal-337f7-e-is-explicitly-legacy-demo-chromium/error-context.md

    attachment #2: trace (application/zip) ─────────────────────────────────────────────────────────
    test-results/ui-legacy-demo-labels-anal-337f7-e-is-explicitly-legacy-demo-chromium/trace.zip
    Usage:

        npx playwright show-trace test-results/ui-legacy-demo-labels-anal-337f7-e-is-explicitly-legacy-demo-chromium/trace.zip

    ────────────────────────────────────────────────────────────────────────────────────────────────


(node:35320) Warning: The 'NO_COLOR' env is ignored due to the 'FORCE_COLOR' env being set.
(Use `node --trace-warnings ...` to show where the warning was created)


[4/6] [chromium] › tests/ui/rag-eval-resilience.spec.ts:3:3 › RAG dashboard handles null
  4) [chromium] › tests/ui/rag-eval-resilience.spec.ts:3:3 › RAG dashboard handles null ────────────

    Error: page.goto: net::ERR_CONNECTION_REFUSED at http://127.0.0.1:5173/rag-eval
    Call log:
      - navigating to "http://127.0.0.1:5173/rag-eval", waiting until "load"


      10 |     await page.route('**/api/**', route => route.fulfill({ json: { data: { list: [], recent: [], total: 0 } } }))
      11 |     await page.route('**/api/rageval/v1/dashboard**', route => route.fulfill({ status: value === '404' ? 404 : 200, json: { data: value } }))
    > 12 |     await page.goto('/rag-eval')
         |                ^
      13 |     await expect(page.getByTestId('rag-dashboard-state')).toContainText('不可用')
      14 |     await expect(page.locator('html')).not.toHaveClass(/dark/)
      15 |     expect(errors).toEqual([])
        at /home/monody/project/SentinelOps/web/tests/ui/rag-eval-resilience.spec.ts:12:16

    Error Context: test-results/ui-rag-eval-resilience-RAG-dashboard-handles-null-chromium/error-context.md

    attachment #2: trace (application/zip) ─────────────────────────────────────────────────────────
    test-results/ui-rag-eval-resilience-RAG-dashboard-handles-null-chromium/trace.zip
    Usage:

        npx playwright show-trace test-results/ui-rag-eval-resilience-RAG-dashboard-handles-null-chromium/trace.zip

    ────────────────────────────────────────────────────────────────────────────────────────────────


(node:35412) Warning: The 'NO_COLOR' env is ignored due to the 'FORCE_COLOR' env being set.
(Use `node --trace-warnings ...` to show where the warning was created)


[5/6] [chromium] › tests/ui/rag-eval-resilience.spec.ts:3:3 › RAG dashboard handles {}
  5) [chromium] › tests/ui/rag-eval-resilience.spec.ts:3:3 › RAG dashboard handles {} ──────────────

    Error: page.goto: net::ERR_CONNECTION_REFUSED at http://127.0.0.1:5173/rag-eval
    Call log:
      - navigating to "http://127.0.0.1:5173/rag-eval", waiting until "load"


      10 |     await page.route('**/api/**', route => route.fulfill({ json: { data: { list: [], recent: [], total: 0 } } }))
      11 |     await page.route('**/api/rageval/v1/dashboard**', route => route.fulfill({ status: value === '404' ? 404 : 200, json: { data: value } }))
    > 12 |     await page.goto('/rag-eval')
         |                ^
      13 |     await expect(page.getByTestId('rag-dashboard-state')).toContainText('不可用')
      14 |     await expect(page.locator('html')).not.toHaveClass(/dark/)
      15 |     expect(errors).toEqual([])
        at /home/monody/project/SentinelOps/web/tests/ui/rag-eval-resilience.spec.ts:12:16

    Error Context: test-results/ui-rag-eval-resilience-RAG-dashboard-handles--chromium/error-context.md

    attachment #2: trace (application/zip) ─────────────────────────────────────────────────────────
    test-results/ui-rag-eval-resilience-RAG-dashboard-handles--chromium/trace.zip
    Usage:

        npx playwright show-trace test-results/ui-rag-eval-resilience-RAG-dashboard-handles--chromium/trace.zip

    ────────────────────────────────────────────────────────────────────────────────────────────────


(node:35500) Warning: The 'NO_COLOR' env is ignored due to the 'FORCE_COLOR' env being set.
(Use `node --trace-warnings ...` to show where the warning was created)


[6/6] [chromium] › tests/ui/rag-eval-resilience.spec.ts:3:3 › RAG dashboard handles "404"
  6) [chromium] › tests/ui/rag-eval-resilience.spec.ts:3:3 › RAG dashboard handles "404" ───────────

    Error: page.goto: net::ERR_CONNECTION_REFUSED at http://127.0.0.1:5173/rag-eval
    Call log:
      - navigating to "http://127.0.0.1:5173/rag-eval", waiting until "load"


      10 |     await page.route('**/api/**', route => route.fulfill({ json: { data: { list: [], recent: [], total: 0 } } }))
      11 |     await page.route('**/api/rageval/v1/dashboard**', route => route.fulfill({ status: value === '404' ? 404 : 200, json: { data: value } }))
    > 12 |     await page.goto('/rag-eval')
         |                ^
      13 |     await expect(page.getByTestId('rag-dashboard-state')).toContainText('不可用')
      14 |     await expect(page.locator('html')).not.toHaveClass(/dark/)
      15 |     expect(errors).toEqual([])
        at /home/monody/project/SentinelOps/web/tests/ui/rag-eval-resilience.spec.ts:12:16

    Error Context: test-results/ui-rag-eval-resilience-RAG-dashboard-handles-404--chromium/error-context.md

    attachment #2: trace (application/zip) ─────────────────────────────────────────────────────────
    test-results/ui-rag-eval-resilience-RAG-dashboard-handles-404--chromium/trace.zip
    Usage:

        npx playwright show-trace test-results/ui-rag-eval-resilience-RAG-dashboard-handles-404--chromium/trace.zip

    ────────────────────────────────────────────────────────────────────────────────────────────────


  6 failed
    [chromium] › tests/ui/layout-regressions.spec.ts:3:3 › analysis columns stay local at 1280 ─────
    [chromium] › tests/ui/layout-regressions.spec.ts:3:3 › analysis columns stay local at 1440 ─────
    [chromium] › tests/ui/legacy-demo-labels.spec.ts:2:1 › analysis source is explicitly legacy/demo
    [chromium] › tests/ui/rag-eval-resilience.spec.ts:3:3 › RAG dashboard handles null ─────────────
    [chromium] › tests/ui/rag-eval-resilience.spec.ts:3:3 › RAG dashboard handles {} ───────────────
    [chromium] › tests/ui/rag-eval-resilience.spec.ts:3:3 › RAG dashboard handles "404" ────────────
