npm notice run sentinelops-web@1.0.0 npx
npm notice run 'playwright' test tests/ui/recovery-dialog-a11y.spec.ts --workers=1

Running 2 tests using 1 worker

(node:43133) Warning: The 'NO_COLOR' env is ignored due to the 'FORCE_COLOR' env being set.
(Use `node --trace-warnings ...` to show where the warning was created)


[1/2] [chromium] › tests/ui/recovery-dialog-a11y.spec.ts:4:3 › Recovery focus and dismissal at 1280
  1) [chromium] › tests/ui/recovery-dialog-a11y.spec.ts:4:3 › Recovery focus and dismissal at 1280 ─

    Error: expect(locator).toHaveAccessibleDescription(expected) failed

    Locator: getByRole('dialog', { name: 'Resume Run' })
    Expected pattern: /Worker/
    Received string:  ""
    Timeout: 5000ms

    Call log:
      - Expect "toHaveAccessibleDescription" with timeout 5000ms
      - waiting for getByRole('dialog', { name: 'Resume Run' })
        14 × locator resolved to <div role="dialog" aria-modal="true" data-action="resume" aria-label="Resume Run" data-testid="runtime-recovery-dialog" class="w-full max-w-lg mx-4 rounded-2xl bg-white p-6 shadow-xl">…</div>
           - unexpected value ""


      14 |     await trigger.click()
      15 |     const dialog = page.getByRole('dialog', { name: 'Resume Run' })
    > 16 |     await expect(dialog).toHaveAccessibleDescription(/Worker/)
         |                          ^
      17 |     await expect(page.getByLabel('恢复理由')).toBeFocused()
      18 |     for (let i = 0; i < 12; i++) {
      19 |       await page.keyboard.press('Tab')
        at /home/monody/project/SentinelOps/web/tests/ui/recovery-dialog-a11y.spec.ts:16:26

    Error Context: test-results/ui-recovery-dialog-a11y-Recovery-focus-and-dismissal-at-1280-chromium/error-context.md

    attachment #2: trace (application/zip) ─────────────────────────────────────────────────────────
    test-results/ui-recovery-dialog-a11y-Recovery-focus-and-dismissal-at-1280-chromium/trace.zip
    Usage:

        npx playwright show-trace test-results/ui-recovery-dialog-a11y-Recovery-focus-and-dismissal-at-1280-chromium/trace.zip

    ────────────────────────────────────────────────────────────────────────────────────────────────


(node:43439) Warning: The 'NO_COLOR' env is ignored due to the 'FORCE_COLOR' env being set.
(Use `node --trace-warnings ...` to show where the warning was created)


[2/2] [chromium] › tests/ui/recovery-dialog-a11y.spec.ts:4:3 › Recovery focus and dismissal at 1440
  2) [chromium] › tests/ui/recovery-dialog-a11y.spec.ts:4:3 › Recovery focus and dismissal at 1440 ─

    Error: expect(locator).toHaveAccessibleDescription(expected) failed

    Locator: getByRole('dialog', { name: 'Resume Run' })
    Expected pattern: /Worker/
    Received string:  ""
    Timeout: 5000ms

    Call log:
      - Expect "toHaveAccessibleDescription" with timeout 5000ms
      - waiting for getByRole('dialog', { name: 'Resume Run' })
        14 × locator resolved to <div role="dialog" aria-modal="true" data-action="resume" aria-label="Resume Run" data-testid="runtime-recovery-dialog" class="w-full max-w-lg mx-4 rounded-2xl bg-white p-6 shadow-xl">…</div>
           - unexpected value ""


      14 |     await trigger.click()
      15 |     const dialog = page.getByRole('dialog', { name: 'Resume Run' })
    > 16 |     await expect(dialog).toHaveAccessibleDescription(/Worker/)
         |                          ^
      17 |     await expect(page.getByLabel('恢复理由')).toBeFocused()
      18 |     for (let i = 0; i < 12; i++) {
      19 |       await page.keyboard.press('Tab')
        at /home/monody/project/SentinelOps/web/tests/ui/recovery-dialog-a11y.spec.ts:16:26

    Error Context: test-results/ui-recovery-dialog-a11y-Recovery-focus-and-dismissal-at-1440-chromium/error-context.md

    attachment #2: trace (application/zip) ─────────────────────────────────────────────────────────
    test-results/ui-recovery-dialog-a11y-Recovery-focus-and-dismissal-at-1440-chromium/trace.zip
    Usage:

        npx playwright show-trace test-results/ui-recovery-dialog-a11y-Recovery-focus-and-dismissal-at-1440-chromium/trace.zip

    ────────────────────────────────────────────────────────────────────────────────────────────────


  2 failed
    [chromium] › tests/ui/recovery-dialog-a11y.spec.ts:4:3 › Recovery focus and dismissal at 1280 ──
    [chromium] › tests/ui/recovery-dialog-a11y.spec.ts:4:3 › Recovery focus and dismissal at 1440 ──
