npm notice run sentinelops-web@1.0.0 npx
npm notice run 'playwright' test tests/ui/layout-regressions.spec.ts tests/ui/chat-streaming-markdown.spec.ts --workers=1

Running 4 tests using 1 worker

(node:36010) Warning: The 'NO_COLOR' env is ignored due to the 'FORCE_COLOR' env being set.
(Use `node --trace-warnings ...` to show where the warning was created)


[1/4] [chromium] › tests/ui/chat-streaming-markdown.spec.ts:39:3 › actual Chat delayed fence remains stable at 1280px
  1) [chromium] › tests/ui/chat-streaming-markdown.spec.ts:39:3 › actual Chat delayed fence remains stable at 1280px

    Error: page.goto: net::ERR_CONNECTION_REFUSED at http://127.0.0.1:5173/chat
    Call log:
      - navigating to "http://127.0.0.1:5173/chat", waiting until "load"


      43 |     page.on('pageerror', (error) => errors.push(error.message))
      44 |     await installDelayedStream(page)
    > 45 |     await page.goto('/chat')
         |                ^
      46 |     await page.locator('textarea').fill('Show a delayed code sample')
      47 |     await page.locator('textarea').press('Enter')
      48 |     await expect.poll(() => page.evaluate(() => typeof window.chatFixtureChunk)).toBe('function')
        at /home/monody/project/SentinelOps/web/tests/ui/chat-streaming-markdown.spec.ts:45:16

    Error Context: test-results/ui-chat-streaming-markdown-20395-ce-remains-stable-at-1280px-chromium/error-context.md

    attachment #2: trace (application/zip) ─────────────────────────────────────────────────────────
    test-results/ui-chat-streaming-markdown-20395-ce-remains-stable-at-1280px-chromium/trace.zip
    Usage:

        npx playwright show-trace test-results/ui-chat-streaming-markdown-20395-ce-remains-stable-at-1280px-chromium/trace.zip

    ────────────────────────────────────────────────────────────────────────────────────────────────


(node:36098) Warning: The 'NO_COLOR' env is ignored due to the 'FORCE_COLOR' env being set.
(Use `node --trace-warnings ...` to show where the warning was created)


[2/4] [chromium] › tests/ui/chat-streaming-markdown.spec.ts:39:3 › actual Chat delayed fence remains stable at 1440px
  2) [chromium] › tests/ui/chat-streaming-markdown.spec.ts:39:3 › actual Chat delayed fence remains stable at 1440px

    Error: page.goto: net::ERR_CONNECTION_REFUSED at http://127.0.0.1:5173/chat
    Call log:
      - navigating to "http://127.0.0.1:5173/chat", waiting until "load"


      43 |     page.on('pageerror', (error) => errors.push(error.message))
      44 |     await installDelayedStream(page)
    > 45 |     await page.goto('/chat')
         |                ^
      46 |     await page.locator('textarea').fill('Show a delayed code sample')
      47 |     await page.locator('textarea').press('Enter')
      48 |     await expect.poll(() => page.evaluate(() => typeof window.chatFixtureChunk)).toBe('function')
        at /home/monody/project/SentinelOps/web/tests/ui/chat-streaming-markdown.spec.ts:45:16

    Error Context: test-results/ui-chat-streaming-markdown-86e51-ce-remains-stable-at-1440px-chromium/error-context.md

    attachment #2: trace (application/zip) ─────────────────────────────────────────────────────────
    test-results/ui-chat-streaming-markdown-86e51-ce-remains-stable-at-1440px-chromium/trace.zip
    Usage:

        npx playwright show-trace test-results/ui-chat-streaming-markdown-86e51-ce-remains-stable-at-1440px-chromium/trace.zip

    ────────────────────────────────────────────────────────────────────────────────────────────────


(node:36258) Warning: The 'NO_COLOR' env is ignored due to the 'FORCE_COLOR' env being set.
(Use `node --trace-warnings ...` to show where the warning was created)


[3/4] [chromium] › tests/ui/layout-regressions.spec.ts:3:3 › analysis columns stay local at 1280
  3) [chromium] › tests/ui/layout-regressions.spec.ts:3:3 › analysis columns stay local at 1280 ────

    Error: page.goto: net::ERR_CONNECTION_REFUSED at http://127.0.0.1:5173/events/analysis
    Call log:
      - navigating to "http://127.0.0.1:5173/events/analysis", waiting until "load"


       5 |     await page.addInitScript(() => localStorage.setItem('token', 'fixture'))
       6 |     await page.route('**/api/**', route => route.fulfill({ json: { data: { total: 1, events: [] } } }))
    >  7 |     await page.goto('/events/analysis')
         |                ^
       8 |     await expect(page.getByText('思考链路', { exact: true })).toBeVisible()
       9 |     expect(await page.locator('main').evaluate(el => el.scrollWidth <= el.clientWidth)).toBe(true)
      10 |     expect(await page.evaluate(() => document.documentElement.scrollWidth === document.documentElement.clientWidth)).toBe(true)
        at /home/monody/project/SentinelOps/web/tests/ui/layout-regressions.spec.ts:7:16

    Error Context: test-results/ui-layout-regressions-analysis-columns-stay-local-at-1280-chromium/error-context.md

    attachment #2: trace (application/zip) ─────────────────────────────────────────────────────────
    test-results/ui-layout-regressions-analysis-columns-stay-local-at-1280-chromium/trace.zip
    Usage:

        npx playwright show-trace test-results/ui-layout-regressions-analysis-columns-stay-local-at-1280-chromium/trace.zip

    ────────────────────────────────────────────────────────────────────────────────────────────────


(node:36347) Warning: The 'NO_COLOR' env is ignored due to the 'FORCE_COLOR' env being set.
(Use `node --trace-warnings ...` to show where the warning was created)


[4/4] [chromium] › tests/ui/layout-regressions.spec.ts:3:3 › analysis columns stay local at 1440
  4) [chromium] › tests/ui/layout-regressions.spec.ts:3:3 › analysis columns stay local at 1440 ────

    Error: page.goto: net::ERR_CONNECTION_REFUSED at http://127.0.0.1:5173/events/analysis
    Call log:
      - navigating to "http://127.0.0.1:5173/events/analysis", waiting until "load"


       5 |     await page.addInitScript(() => localStorage.setItem('token', 'fixture'))
       6 |     await page.route('**/api/**', route => route.fulfill({ json: { data: { total: 1, events: [] } } }))
    >  7 |     await page.goto('/events/analysis')
         |                ^
       8 |     await expect(page.getByText('思考链路', { exact: true })).toBeVisible()
       9 |     expect(await page.locator('main').evaluate(el => el.scrollWidth <= el.clientWidth)).toBe(true)
      10 |     expect(await page.evaluate(() => document.documentElement.scrollWidth === document.documentElement.clientWidth)).toBe(true)
        at /home/monody/project/SentinelOps/web/tests/ui/layout-regressions.spec.ts:7:16

    Error Context: test-results/ui-layout-regressions-analysis-columns-stay-local-at-1440-chromium/error-context.md

    attachment #2: trace (application/zip) ─────────────────────────────────────────────────────────
    test-results/ui-layout-regressions-analysis-columns-stay-local-at-1440-chromium/trace.zip
    Usage:

        npx playwright show-trace test-results/ui-layout-regressions-analysis-columns-stay-local-at-1440-chromium/trace.zip

    ────────────────────────────────────────────────────────────────────────────────────────────────


  4 failed
    [chromium] › tests/ui/chat-streaming-markdown.spec.ts:39:3 › actual Chat delayed fence remains stable at 1280px
    [chromium] › tests/ui/chat-streaming-markdown.spec.ts:39:3 › actual Chat delayed fence remains stable at 1440px
    [chromium] › tests/ui/layout-regressions.spec.ts:3:3 › analysis columns stay local at 1280 ─────
    [chromium] › tests/ui/layout-regressions.spec.ts:3:3 › analysis columns stay local at 1440 ─────
