npm notice run sentinelops-web@1.0.0 npx
npm notice run 'playwright' test tests/ui/rag-eval-resilience.spec.ts tests/smoke/current-ui.spec.ts --workers=1

Running 6 tests using 1 worker

(node:37756) Warning: The 'NO_COLOR' env is ignored due to the 'FORCE_COLOR' env being set.
(Use `node --trace-warnings ...` to show where the warning was created)


[1/6] [chromium] › tests/smoke/current-ui.spec.ts:29:1 › 未认证访问受保护路由时保留登录语义
  1) [chromium] › tests/smoke/current-ui.spec.ts:29:1 › 未认证访问受保护路由时保留登录语义 ──────────────────────────

    Error: page.goto: net::ERR_CONNECTION_REFUSED at http://127.0.0.1:5173/dashboard
    Call log:
      - navigating to "http://127.0.0.1:5173/dashboard", waiting until "load"


      30 |   const runtimeErrors = captureRuntimeErrors(page)
      31 |
    > 32 |   await page.goto('/dashboard')
         |              ^
      33 |
      34 |   await expect(page).toHaveURL(/\/login$/)
      35 |   await expect(page.getByRole('heading', { name: '欢迎回来' })).toBeVisible()
        at /home/monody/project/SentinelOps/web/tests/smoke/current-ui.spec.ts:32:14

    Error Context: test-results/smoke-current-ui-未认证访问受保护路由时保留登录语义-chromium/error-context.md

    attachment #2: trace (application/zip) ─────────────────────────────────────────────────────────
    test-results/smoke-current-ui-未认证访问受保护路由时保留登录语义-chromium/trace.zip
    Usage:

        npx playwright show-trace test-results/smoke-current-ui-未认证访问受保护路由时保留登录语义-chromium/trace.zip

    ────────────────────────────────────────────────────────────────────────────────────────────────


(node:37848) Warning: The 'NO_COLOR' env is ignored due to the 'FORCE_COLOR' env being set.
(Use `node --trace-warnings ...` to show where the warning was created)


[2/6] [chromium] › tests/smoke/current-ui.spec.ts:40:1 › 关键路由可达且主布局保持渲染
  2) [chromium] › tests/smoke/current-ui.spec.ts:40:1 › 关键路由可达且主布局保持渲染 ─────────────────────────────

    Error: page.goto: net::ERR_CONNECTION_REFUSED at http://127.0.0.1:5173/dashboard
    Call log:
      - navigating to "http://127.0.0.1:5173/dashboard", waiting until "load"


      43 |
      44 |   for (const route of protectedRoutes) {
    > 45 |     await page.goto(route)
         |                ^
      46 |     await expect(page).toHaveURL(new RegExp(`${route.replace('/', '\\/')}$`))
      47 |     await expect(page.getByText('Security Console', { exact: true })).toBeVisible()
      48 |     await expect(page.locator('main')).toBeVisible()
        at /home/monody/project/SentinelOps/web/tests/smoke/current-ui.spec.ts:45:16

    Error Context: test-results/smoke-current-ui-关键路由可达且主布局保持渲染-chromium/error-context.md

    attachment #2: trace (application/zip) ─────────────────────────────────────────────────────────
    test-results/smoke-current-ui-关键路由可达且主布局保持渲染-chromium/trace.zip
    Usage:

        npx playwright show-trace test-results/smoke-current-ui-关键路由可达且主布局保持渲染-chromium/trace.zip

    ────────────────────────────────────────────────────────────────────────────────────────────────


(node:37938) Warning: The 'NO_COLOR' env is ignored due to the 'FORCE_COLOR' env being set.
(Use `node --trace-warnings ...` to show where the warning was created)


[3/6] [chromium] › tests/smoke/current-ui.spec.ts:56:1 › dark class 继续驱动暗色 variant
  3) [chromium] › tests/smoke/current-ui.spec.ts:56:1 › dark class 继续驱动暗色 variant ──────────────────

    Error: page.goto: net::ERR_CONNECTION_REFUSED at http://127.0.0.1:5173/events/analysis
    Call log:
      - navigating to "http://127.0.0.1:5173/events/analysis", waiting until "load"


      58 |   await installAuthenticatedFixture(page, true)
      59 |
    > 60 |   await page.goto('/events/analysis')
         |              ^
      61 |
      62 |   await expect(page.locator('html')).toHaveClass(/dark/)
      63 |   const thinkingHeader = page.getByText('思考链路', { exact: true }).locator('..')
        at /home/monody/project/SentinelOps/web/tests/smoke/current-ui.spec.ts:60:14

    Error Context: test-results/smoke-current-ui-dark-class-继续驱动暗色-variant-chromium/error-context.md

    attachment #2: trace (application/zip) ─────────────────────────────────────────────────────────
    test-results/smoke-current-ui-dark-class-继续驱动暗色-variant-chromium/trace.zip
    Usage:

        npx playwright show-trace test-results/smoke-current-ui-dark-class-继续驱动暗色-variant-chromium/trace.zip

    ────────────────────────────────────────────────────────────────────────────────────────────────


(node:38033) Warning: The 'NO_COLOR' env is ignored due to the 'FORCE_COLOR' env being set.
(Use `node --trace-warnings ...` to show where the warning was created)


[4/6] [chromium] › tests/ui/rag-eval-resilience.spec.ts:3:3 › RAG dashboard handles null
  4) [chromium] › tests/ui/rag-eval-resilience.spec.ts:3:3 › RAG dashboard handles null ────────────

    Error: page.goto: net::ERR_CONNECTION_REFUSED at http://127.0.0.1:5173/rag-eval
    Call log:
      - navigating to "http://127.0.0.1:5173/rag-eval", waiting until "load"


      10 |     await page.route('**/api/**', route => route.fulfill({ json: { data: { list: [], recent: [], total: 0 } } }))
      11 |     await page.route('**/api/rageval/v1/dashboard**', route => route.fulfill({ status: value === '404' ? 404 : 200, json: { data: value } }))
    > 12 |     await page.goto('/rag-eval')
         |                ^
      13 |     await expect(page.getByTestId('rag-dashboard-state')).toContainText('不可用')
      14 |     await expect(page.locator('html')).not.toHaveClass(/dark/)
      15 |     expect(errors).toEqual([])
        at /home/monody/project/SentinelOps/web/tests/ui/rag-eval-resilience.spec.ts:12:16

    Error Context: test-results/ui-rag-eval-resilience-RAG-dashboard-handles-null-chromium/error-context.md

    attachment #2: trace (application/zip) ─────────────────────────────────────────────────────────
    test-results/ui-rag-eval-resilience-RAG-dashboard-handles-null-chromium/trace.zip
    Usage:

        npx playwright show-trace test-results/ui-rag-eval-resilience-RAG-dashboard-handles-null-chromium/trace.zip

    ────────────────────────────────────────────────────────────────────────────────────────────────


(node:38124) Warning: The 'NO_COLOR' env is ignored due to the 'FORCE_COLOR' env being set.
(Use `node --trace-warnings ...` to show where the warning was created)


[5/6] [chromium] › tests/ui/rag-eval-resilience.spec.ts:3:3 › RAG dashboard handles {}
  5) [chromium] › tests/ui/rag-eval-resilience.spec.ts:3:3 › RAG dashboard handles {} ──────────────

    Error: page.goto: net::ERR_CONNECTION_REFUSED at http://127.0.0.1:5173/rag-eval
    Call log:
      - navigating to "http://127.0.0.1:5173/rag-eval", waiting until "load"


      10 |     await page.route('**/api/**', route => route.fulfill({ json: { data: { list: [], recent: [], total: 0 } } }))
      11 |     await page.route('**/api/rageval/v1/dashboard**', route => route.fulfill({ status: value === '404' ? 404 : 200, json: { data: value } }))
    > 12 |     await page.goto('/rag-eval')
         |                ^
      13 |     await expect(page.getByTestId('rag-dashboard-state')).toContainText('不可用')
      14 |     await expect(page.locator('html')).not.toHaveClass(/dark/)
      15 |     expect(errors).toEqual([])
        at /home/monody/project/SentinelOps/web/tests/ui/rag-eval-resilience.spec.ts:12:16

    Error Context: test-results/ui-rag-eval-resilience-RAG-dashboard-handles--chromium/error-context.md

    attachment #2: trace (application/zip) ─────────────────────────────────────────────────────────
    test-results/ui-rag-eval-resilience-RAG-dashboard-handles--chromium/trace.zip
    Usage:

        npx playwright show-trace test-results/ui-rag-eval-resilience-RAG-dashboard-handles--chromium/trace.zip

    ────────────────────────────────────────────────────────────────────────────────────────────────


(node:38212) Warning: The 'NO_COLOR' env is ignored due to the 'FORCE_COLOR' env being set.
(Use `node --trace-warnings ...` to show where the warning was created)


[6/6] [chromium] › tests/ui/rag-eval-resilience.spec.ts:3:3 › RAG dashboard handles "404"
  6) [chromium] › tests/ui/rag-eval-resilience.spec.ts:3:3 › RAG dashboard handles "404" ───────────

    Error: page.goto: net::ERR_CONNECTION_REFUSED at http://127.0.0.1:5173/rag-eval
    Call log:
      - navigating to "http://127.0.0.1:5173/rag-eval", waiting until "load"


      10 |     await page.route('**/api/**', route => route.fulfill({ json: { data: { list: [], recent: [], total: 0 } } }))
      11 |     await page.route('**/api/rageval/v1/dashboard**', route => route.fulfill({ status: value === '404' ? 404 : 200, json: { data: value } }))
    > 12 |     await page.goto('/rag-eval')
         |                ^
      13 |     await expect(page.getByTestId('rag-dashboard-state')).toContainText('不可用')
      14 |     await expect(page.locator('html')).not.toHaveClass(/dark/)
      15 |     expect(errors).toEqual([])
        at /home/monody/project/SentinelOps/web/tests/ui/rag-eval-resilience.spec.ts:12:16

    Error Context: test-results/ui-rag-eval-resilience-RAG-dashboard-handles-404--chromium/error-context.md

    attachment #2: trace (application/zip) ─────────────────────────────────────────────────────────
    test-results/ui-rag-eval-resilience-RAG-dashboard-handles-404--chromium/trace.zip
    Usage:

        npx playwright show-trace test-results/ui-rag-eval-resilience-RAG-dashboard-handles-404--chromium/trace.zip

    ────────────────────────────────────────────────────────────────────────────────────────────────


  6 failed
    [chromium] › tests/smoke/current-ui.spec.ts:29:1 › 未认证访问受保护路由时保留登录语义 ───────────────────────────
    [chromium] › tests/smoke/current-ui.spec.ts:40:1 › 关键路由可达且主布局保持渲染 ──────────────────────────────
    [chromium] › tests/smoke/current-ui.spec.ts:56:1 › dark class 继续驱动暗色 variant ───────────────────
    [chromium] › tests/ui/rag-eval-resilience.spec.ts:3:3 › RAG dashboard handles null ─────────────
    [chromium] › tests/ui/rag-eval-resilience.spec.ts:3:3 › RAG dashboard handles {} ───────────────
    [chromium] › tests/ui/rag-eval-resilience.spec.ts:3:3 › RAG dashboard handles "404" ────────────
