npm notice run sentinelops-web@1.0.0 build
npm notice run tsc --noEmit && tsc --project tsconfig.node.json --noEmit && vite build
vite v8.2.2 building client environment for production...
transforming...
✓ 2816 modules transformed.
rendering chunks...
computing gzip size...
dist/index.html                                   1.12 kB │ gzip:   0.58 kB
dist/assets/index-B20EGUZI.css                  157.42 kB │ gzip:  24.83 kB
dist/assets/check-DsS44XNL.js                     0.11 kB │ gzip:   0.12 kB
dist/assets/chevron-up-C2B6ILqk.js                0.11 kB │ gzip:   0.12 kB
dist/assets/chevron-right-7exmI4WV.js             0.11 kB │ gzip:   0.13 kB
dist/assets/plus-BSimq0vi.js                      0.14 kB │ gzip:   0.13 kB
dist/assets/arrow-left-BLkVZXgL.js                0.15 kB │ gzip:   0.15 kB
dist/assets/clock-DROJO5XW.js                     0.15 kB │ gzip:   0.15 kB
dist/assets/search-DqAaa9AP.js                    0.16 kB │ gzip:   0.16 kB
dist/assets/trending-up-D_08nowe.js               0.16 kB │ gzip:   0.16 kB
dist/assets/circle-check-BJzKm7jG.js              0.16 kB │ gzip:   0.16 kB
dist/assets/play-IUpznqAI.js                      0.17 kB │ gzip:   0.16 kB
dist/assets/circle-check-big-cYJEuLug.js          0.18 kB │ gzip:   0.17 kB
dist/assets/rotate-ccw-BocVSIaN.js                0.18 kB │ gzip:   0.17 kB
dist/assets/chart-no-axes-column-Cd4-r_Ai.js      0.19 kB │ gzip:   0.16 kB
dist/assets/circle-x-DVCshou8.js                  0.19 kB │ gzip:   0.16 kB
dist/assets/contextStore-YIOw09IF.js              0.20 kB │ gzip:   0.15 kB
dist/assets/copy-BtDDDMjN.js                      0.22 kB │ gzip:   0.19 kB
dist/assets/history-CUohQL42.js                   0.22 kB │ gzip:   0.18 kB
dist/assets/database-Bs6I1XGD.js                  0.23 kB │ gzip:   0.19 kB
dist/assets/circle-pause-OwrdooII.js              0.23 kB │ gzip:   0.17 kB
dist/assets/circle-alert-BFBiZwB1.js              0.23 kB │ gzip:   0.17 kB
dist/assets/chart-column-DtgSgUw2.js              0.23 kB │ gzip:   0.18 kB
dist/assets/eye-BXVdluJx.js                       0.24 kB │ gzip:   0.19 kB
dist/assets/funnel-BdPGPgrG.js                    0.24 kB │ gzip:   0.20 kB
dist/assets/zap-CZk8Lqsq.js                       0.24 kB │ gzip:   0.19 kB
dist/assets/triangle-alert-I7h6HdDU.js            0.25 kB │ gzip:   0.20 kB
dist/assets/pencil-CnDGnKhA.js                    0.26 kB │ gzip:   0.21 kB
dist/assets/book-open-Bz2S8mkf.js                 0.26 kB │ gzip:   0.19 kB
dist/assets/inbox-CkYz3h8M.js                     0.27 kB │ gzip:   0.22 kB
dist/assets/lightbulb-n5gITmjq.js                 0.27 kB │ gzip:   0.21 kB
dist/assets/refresh-cw-CsUJKHcF.js                0.30 kB │ gzip:   0.21 kB
dist/assets/bot-kzFLxlBY.js                       0.31 kB │ gzip:   0.22 kB
dist/assets/trash-2-DhH_KFFt.js                   0.31 kB │ gzip:   0.20 kB
dist/assets/upload-DPAE8ScE.js                    0.32 kB │ gzip:   0.23 kB
dist/assets/layers-CI2qiuxc.js                    0.40 kB │ gzip:   0.22 kB
dist/assets/octagon-alert-11yU2cvL.js             0.41 kB │ gzip:   0.24 kB
dist/assets/star-Befs68kQ.js                      0.45 kB │ gzip:   0.28 kB
dist/assets/calendar-days-CBmGUDT5.js             0.48 kB │ gzip:   0.25 kB
dist/assets/settings-C83Ak7cO.js                  0.64 kB │ gzip:   0.35 kB
dist/assets/trace-B6db3IhD.js                     1.66 kB │ gzip:   0.60 kB
dist/assets/RuntimeQualityState-347QZeJ-.js       1.72 kB │ gzip:   0.66 kB
dist/assets/subscription-BUgAYkeJ.js              1.81 kB │ gzip:   0.78 kB
dist/assets/RuntimeStatusBadge-DMhZQeLt.js        1.95 kB │ gzip:   0.86 kB
dist/assets/ConfirmDialog-BIKGeULE.js             1.97 kB │ gzip:   0.99 kB
dist/assets/ops-BIcGZAnO.js                       2.30 kB │ gzip:   0.65 kB
dist/assets/rageval-CSvydcnm.js                   2.78 kB │ gzip:   1.22 kB
dist/assets/event-CjcSV8vp.js                     2.97 kB │ gzip:   1.37 kB
dist/assets/sse-CqQYwHZH.js                       4.50 kB │ gzip:   2.18 kB
dist/assets/settings-DWwB2Rjf.js                  4.56 kB │ gzip:   1.70 kB
dist/assets/useRuntimeQueries-DEyNlXCg.js         5.62 kB │ gzip:   1.46 kB
dist/assets/safety-BrU83Ygc.js                    5.72 kB │ gzip:   1.82 kB
dist/assets/capabilities-6reWmfgv.js              6.73 kB │ gzip:   2.39 kB
dist/assets/CustomSelect-D3TF1Mne.js              6.87 kB │ gzip:   2.27 kB
dist/assets/useQuery-CyjIBGZT.js                  8.10 kB │ gzip:   2.98 kB
dist/assets/DocUploadModal-hAIkACvv.js            9.22 kB │ gzip:   3.36 kB
dist/assets/ActionQueue-DmaSemO5.js              10.82 kB │ gzip:   4.05 kB
dist/assets/worker-health-BPhUPiID.js            11.50 kB │ gzip:   3.43 kB
dist/assets/ops-DqRvTBaA.js                      12.86 kB │ gzip:   4.04 kB
dist/assets/runtime-CvaNkDPG.js                  12.99 kB │ gzip:   4.51 kB
dist/assets/reports-CC7Lmkw8.js                  13.26 kB │ gzip:   4.62 kB
dist/assets/term-mapping-Cw_DPsTB.js             14.29 kB │ gzip:   4.55 kB
dist/assets/ingest-wAGoUjbZ.js                   17.64 kB │ gzip:   5.66 kB
dist/assets/subscriptions-D16YFfqL.js            18.37 kB │ gzip:   6.01 kB
dist/assets/events-ClVbYzE6.js                   18.85 kB │ gzip:   5.73 kB
dist/assets/detail-CXc77fTb.js                   19.49 kB │ gzip:   5.58 kB
dist/assets/rag-eval-3xs2Hv-a.js                 24.52 kB │ gzip:   7.20 kB
dist/assets/dashboard-C9M81nvQ.js                29.53 kB │ gzip:   8.20 kB
dist/assets/traces-C2Q88mJs.js                   35.17 kB │ gzip:   9.32 kB
dist/assets/dialog-Dv_7w8iU.js                   39.68 kB │ gzip:  13.60 kB
dist/assets/event-analysis-CIIzp-UF.js           42.98 kB │ gzip:  12.93 kB
dist/assets/knowledge-Dfu8qaIE.js                44.04 kB │ gzip:  10.23 kB
dist/assets/chat-rD2zvWQN.js                     56.31 kB │ gzip:  16.25 kB
dist/assets/detail-BXBWp8fu.js                   66.77 kB │ gzip:  15.25 kB
dist/assets/api-CYYOMqOE.js                      91.58 kB │ gzip:  33.64 kB
dist/assets/MarkdownRenderer-CH5vIw4u.js        236.99 kB │ gzip:  73.16 kB
dist/assets/index-H8KDIbCy.js                   299.01 kB │ gzip:  94.39 kB
dist/assets/esm-CR19BTG4.js                   1,132.78 kB │ gzip: 376.27 kB

✓ built in 852ms
[plugin builtin:vite-reporter]
(!) Some chunks are larger than 500 kB after minification. Consider:
- Using dynamic import() to code-split the application
- Use build.rolldownOptions.output.codeSplitting to improve chunking: https://rolldown.rs/reference/OutputOptions.codeSplitting
- Adjust chunk size limit for this warning via build.chunkSizeWarningLimit.
