npm notice run sentinelops-web@1.0.0 npx
npm notice run 'playwright' test tests/ui/chat-reconnect.spec.ts tests/ui/runtime-sse.spec.ts tests/ui/rag-eval-resilience.spec.ts tests/smoke/current-ui.spec.ts --workers=1
[WebServer] npm notice run sentinelops-web@1.0.0 dev

[WebServer] npm notice run vite --host 127.0.0.1

[WebServer] (node:66807) Warning: The 'NO_COLOR' env is ignored due to the 'FORCE_COLOR' env being set.
[WebServer] (Use `node --trace-warnings ...` to show where the warning was created)


Running 26 tests using 1 worker

(node:66865) Warning: The 'NO_COLOR' env is ignored due to the 'FORCE_COLOR' env being set.
(Use `node --trace-warnings ...` to show where the warning was created)


[1/26] [chromium] › tests/smoke/current-ui.spec.ts:29:1 › 未认证访问受保护路由时保留登录语义
[2/26] [chromium] › tests/smoke/current-ui.spec.ts:40:1 › 关键路由可达且主布局保持渲染
[3/26] [chromium] › tests/smoke/current-ui.spec.ts:56:1 › dark class 继续驱动暗色 variant
[4/26] [chromium] › tests/ui/chat-reconnect.spec.ts:52:3 › dedupe, disconnect, reload and deliberate next turn at 1280px
[5/26] [chromium] › tests/ui/chat-reconnect.spec.ts:97:3 › preserves body and actionable error; retry only tails and cleanup at 1280px
[6/26] [chromium] › tests/ui/chat-reconnect.spec.ts:126:3 › server recovery states and DONE-only reload stay truthful at 1280px
[7/26] [chromium] › tests/ui/chat-reconnect.spec.ts:150:3 › accepted create after session switch retains its own identity at 1280px
[8/26] [chromium] › tests/ui/chat-reconnect.spec.ts:180:3 › switch back before create returns joins one request at 1280px
[9/26] [chromium] › tests/ui/chat-reconnect.spec.ts:207:5 › unacknowledged first turn stays uncertain through switch and reload at 1280px
[10/26] [chromium] › tests/ui/chat-reconnect.spec.ts:207:5 › unacknowledged next turn stays uncertain through switch and reload at 1280px
[11/26] [chromium] › tests/ui/chat-reconnect.spec.ts:237:3 › legacy pending snapshot stays uncertain after restore at 1280px
[12/26] [chromium] › tests/ui/chat-reconnect.spec.ts:258:3 › upload preserves the accepted snapshot before the render frame at 1280px
[13/26] [chromium] › tests/ui/chat-reconnect.spec.ts:52:3 › dedupe, disconnect, reload and deliberate next turn at 1440px
[14/26] [chromium] › tests/ui/chat-reconnect.spec.ts:97:3 › preserves body and actionable error; retry only tails and cleanup at 1440px
[15/26] [chromium] › tests/ui/chat-reconnect.spec.ts:126:3 › server recovery states and DONE-only reload stay truthful at 1440px
[16/26] [chromium] › tests/ui/chat-reconnect.spec.ts:150:3 › accepted create after session switch retains its own identity at 1440px
[17/26] [chromium] › tests/ui/chat-reconnect.spec.ts:180:3 › switch back before create returns joins one request at 1440px
[18/26] [chromium] › tests/ui/chat-reconnect.spec.ts:207:5 › unacknowledged first turn stays uncertain through switch and reload at 1440px
[19/26] [chromium] › tests/ui/chat-reconnect.spec.ts:207:5 › unacknowledged next turn stays uncertain through switch and reload at 1440px
[20/26] [chromium] › tests/ui/chat-reconnect.spec.ts:237:3 › legacy pending snapshot stays uncertain after restore at 1440px
[21/26] [chromium] › tests/ui/chat-reconnect.spec.ts:258:3 › upload preserves the accepted snapshot before the render frame at 1440px
[22/26] [chromium] › tests/ui/rag-eval-resilience.spec.ts:3:3 › RAG dashboard handles null
[23/26] [chromium] › tests/ui/rag-eval-resilience.spec.ts:3:3 › RAG dashboard handles {}
[24/26] [chromium] › tests/ui/rag-eval-resilience.spec.ts:3:3 › RAG dashboard handles "404"
[25/26] [chromium] › tests/ui/runtime-sse.spec.ts:17:3 › single reader, dedupe, terminal close and visibility at 1280px
[26/26] [chromium] › tests/ui/runtime-sse.spec.ts:17:3 › single reader, dedupe, terminal close and visibility at 1440px
  26 passed (1.1m)
