npm notice run sentinelops-web@1.0.0 npx
npm notice run 'playwright' test tests/ui/runtime-visual-states.spec.ts --workers=1
[WebServer] npm notice run sentinelops-web@1.0.0 dev

[WebServer] npm notice run vite --host 127.0.0.1

[WebServer] (node:76698) Warning: The 'NO_COLOR' env is ignored due to the 'FORCE_COLOR' env being set.
[WebServer] (Use `node --trace-warnings ...` to show where the warning was created)


Running 2 tests using 1 worker

(node:76808) Warning: The 'NO_COLOR' env is ignored due to the 'FORCE_COLOR' env being set.
(Use `node --trace-warnings ...` to show where the warning was created)


[1/2] [chromium] › tests/ui/runtime-visual-states.spec.ts:5:3 › runtime visual states and motion at 1280
  1) [chromium] › tests/ui/runtime-visual-states.spec.ts:5:3 › runtime visual states and motion at 1280

    Error: expect(received).toBe(expected) // Object.is equality

    Expected: true
    Received: false

      23 |       await expect(page.locator(`[data-testid="runtime-status-badge"][data-status="${state}"]`).first()).toBeVisible()
      24 |       await page.screenshot({ path: `${dir}/${state}.png`, fullPage: true })
    > 25 |       expect(await page.locator('main').evaluate(el => el.scrollWidth <= el.clientWidth)).toBe(true)
         |                                                                                           ^
      26 |       expect(await page.evaluate(() => document.documentElement.scrollWidth === document.documentElement.clientWidth)).toBe(true)
      27 |     }
      28 |     for (const state of ['available', 'unavailable']) {
        at /home/monody/project/SentinelOps/web/tests/ui/runtime-visual-states.spec.ts:25:91

    Error Context: test-results/ui-runtime-visual-states-r-eb14c-l-states-and-motion-at-1280-chromium/error-context.md

    attachment #2: trace (application/zip) ─────────────────────────────────────────────────────────
    test-results/ui-runtime-visual-states-r-eb14c-l-states-and-motion-at-1280-chromium/trace.zip
    Usage:

        npx playwright show-trace test-results/ui-runtime-visual-states-r-eb14c-l-states-and-motion-at-1280-chromium/trace.zip

    ────────────────────────────────────────────────────────────────────────────────────────────────


(node:76998) Warning: The 'NO_COLOR' env is ignored due to the 'FORCE_COLOR' env being set.
(Use `node --trace-warnings ...` to show where the warning was created)


[2/2] [chromium] › tests/ui/runtime-visual-states.spec.ts:5:3 › runtime visual states and motion at 1440
  2) [chromium] › tests/ui/runtime-visual-states.spec.ts:5:3 › runtime visual states and motion at 1440

    Error: expect(received).toBe(expected) // Object.is equality

    Expected: true
    Received: false

      23 |       await expect(page.locator(`[data-testid="runtime-status-badge"][data-status="${state}"]`).first()).toBeVisible()
      24 |       await page.screenshot({ path: `${dir}/${state}.png`, fullPage: true })
    > 25 |       expect(await page.locator('main').evaluate(el => el.scrollWidth <= el.clientWidth)).toBe(true)
         |                                                                                           ^
      26 |       expect(await page.evaluate(() => document.documentElement.scrollWidth === document.documentElement.clientWidth)).toBe(true)
      27 |     }
      28 |     for (const state of ['available', 'unavailable']) {
        at /home/monody/project/SentinelOps/web/tests/ui/runtime-visual-states.spec.ts:25:91

    Error Context: test-results/ui-runtime-visual-states-r-bcff2-l-states-and-motion-at-1440-chromium/error-context.md

    attachment #2: trace (application/zip) ─────────────────────────────────────────────────────────
    test-results/ui-runtime-visual-states-r-bcff2-l-states-and-motion-at-1440-chromium/trace.zip
    Usage:

        npx playwright show-trace test-results/ui-runtime-visual-states-r-bcff2-l-states-and-motion-at-1440-chromium/trace.zip

    ────────────────────────────────────────────────────────────────────────────────────────────────


  2 failed
    [chromium] › tests/ui/runtime-visual-states.spec.ts:5:3 › runtime visual states and motion at 1280
    [chromium] › tests/ui/runtime-visual-states.spec.ts:5:3 › runtime visual states and motion at 1440
