npm notice run sentinelops-web@1.0.0 npx
npm notice run 'playwright' test tests/ui/runtime-visual-states.spec.ts tests/ui/runtime-recovery.spec.ts --workers=1
[WebServer] npm notice run sentinelops-web@1.0.0 dev

[WebServer] npm notice run vite --host 127.0.0.1

[WebServer] (node:79663) Warning: The 'NO_COLOR' env is ignored due to the 'FORCE_COLOR' env being set.
[WebServer] (Use `node --trace-warnings ...` to show where the warning was created)


Running 10 tests using 1 worker

(node:79742) Warning: The 'NO_COLOR' env is ignored due to the 'FORCE_COLOR' env being set.
(Use `node --trace-warnings ...` to show where the warning was created)


[1/10] [chromium] › tests/ui/runtime-recovery.spec.ts:96:3 › attempts, checkpoints and admin recovery operation at 1280px
[2/10] [chromium] › tests/ui/runtime-recovery.spec.ts:156:3 › operator never receives an enabled recovery control at 1280px
[3/10] [chromium] › tests/ui/runtime-recovery.spec.ts:170:3 › admin sees idempotent replay and a conflict is never shown as success at 1280px
[4/10] [chromium] › tests/ui/runtime-recovery.spec.ts:96:3 › attempts, checkpoints and admin recovery operation at 1440px
[5/10] [chromium] › tests/ui/runtime-recovery.spec.ts:156:3 › operator never receives an enabled recovery control at 1440px
[6/10] [chromium] › tests/ui/runtime-recovery.spec.ts:170:3 › admin sees idempotent replay and a conflict is never shown as success at 1440px
[7/10] [chromium] › tests/ui/runtime-recovery.spec.ts:192:1 › operation reconnects from session storage after reload and shows a terminal failure
[8/10] [chromium] › tests/ui/runtime-recovery.spec.ts:213:1 › operation query error exposes retry and retains last server state
[9/10] [chromium] › tests/ui/runtime-visual-states.spec.ts:5:3 › runtime visual states and motion at 1280
[10/10] [chromium] › tests/ui/runtime-visual-states.spec.ts:5:3 › runtime visual states and motion at 1440
  10 passed (48.9s)
