npm notice run sentinelops-web@1.0.0 npx
npm notice run 'playwright' test --workers=1
ReferenceError: vi is not defined

   at unit/chat-legacy-pending.test.tsx:7

   5 | // The page owns the legacy-snapshot migration; the service stub only needs to
   6 | // prove that restoring or leaving a session never starts a new Run.
>  7 | const service = vi.hoisted(() => ({
     |                 ^
   8 |   hasPendingCreate: vi.fn(() => false),
   9 |   multiAgentChat: vi.fn(),
  10 |   switchSession: vi.fn(),
    at /home/monody/project/SentinelOps/web/tests/unit/chat-legacy-pending.test.tsx:7:17

ReferenceError: it is not defined

   at unit/chat-service-api.test.ts:4

  2 | import api from '@/services/api'
  3 |
> 4 | it('does not retry a v2 create rejected with HTTP 429 through the actual Axios interceptor', async () => {
    | ^
  5 |   vi.useFakeTimers()
  6 |   const previous = api.defaults.adapter
  7 |   const adapter = vi.fn(async (config) => { throw { config, response: { status: 429, data: { message: 'rate limited' } }, message: 'rate limited' } })
    at /home/monody/project/SentinelOps/web/tests/unit/chat-service-api.test.ts:4:1

ReferenceError: vi is not defined

   at unit/chat-service-reconnect.test.ts:3

  1 | import { chatService } from '@/services/chat'
  2 | import api from '@/services/api'
> 3 | vi.mock('@/services/api', () => ({ default: { post: vi.fn() } }))
    | ^
  4 | const frame = (seq: number, type: string, summary = '', data = {}) => `id: ${seq}\nevent: ${type}\ndata: ${JSON.stringify({ summary, data })}\n\n`
  5 | const response = (body: string) => new Response(body, { headers: { 'Content-Type': 'text/event-stream' } })
  6 | beforeEach(() => { localStorage.clear(); sessionStorage.clear(); vi.mocked(api.post).mockReset(); vi.stubGlobal('fetch', vi.fn()); vi.mocked(api.post).mockResolvedValue({ data: { data: { run_id: 'run-1', session_id: 'session', status: 'pending' } } }) })
    at /home/monody/project/SentinelOps/web/tests/unit/chat-service-reconnect.test.ts:3:1

ReferenceError: vi is not defined

   at unit/chat-streaming-markdown.test.tsx:6

  4 | import { useStreamRenderScheduler } from '@/pages/chat/useStreamRenderScheduler'
  5 |
> 6 | const fixture = vi.hoisted(() => ({ chunk: undefined as undefined | ((agent: string, text: string) => void), done: undefined as undefined | (() => void), parses: 0, fail: false }))
    |                 ^
  7 | vi.mock('@/services', () => ({ chatService: {
  8 |   hasPendingCreate: () => false,
  9 |   listSessions: () => [{ id: 'session', title: 'Test' }], getSessionId: () => 'session', updateSession: vi.fn(),
    at /home/monody/project/SentinelOps/web/tests/unit/chat-streaming-markdown.test.tsx:6:17

Error: Vitest failed to find the current suite. One of the following is possible:
- "vitest" is imported directly without running "vitest" command
- "vitest" is imported inside "globalSetup" (to fix this, use "setupFiles" instead, because "globalSetup" runs in a different context)
- "vitest" is imported inside Vite / Vitest config file
- Otherwise, it might be a Vitest bug. Please report it to https://github.com/vitest-dev/vitest/issues


   at unit/confirm-dialog-accessibility.test.tsx:4

  2 | import { afterEach, expect, it, vi } from 'vitest'
  3 | import ConfirmDialog from '@/components/common/ConfirmDialog'
> 4 | afterEach(cleanup)
    | ^
  5 | it('has labelled dialog, description, required reason and escape dismissal', () => {
  6 |   const close = vi.fn()
  7 |   render(<ConfirmDialog open title="Confirm recovery" description="Audited operation" reasonRequired onReasonChange={() => {}} onClose={close} onConfirm={() => {}} />)
    at assert (/home/monody/project/SentinelOps/web/node_modules/@vitest/runner/dist/chunk-artifact.js:1631:9)
    at getCurrentSuite (/home/monody/project/SentinelOps/web/node_modules/@vitest/runner/dist/chunk-artifact.js:1666:2)
    at afterEach (/home/monody/project/SentinelOps/web/node_modules/@vitest/runner/dist/chunk-artifact.js:752:9)
    at /home/monody/project/SentinelOps/web/tests/unit/confirm-dialog-accessibility.test.tsx:4:1

ReferenceError: describe is not defined

   at unit/markdown-consumers.test.tsx:48

  46 | }
  47 |
> 48 | describe('normalizeMarkdown compatibility boundary', () => {
     | ^
  49 |   it.each([
  50 |     '#合法标题\n\n正文',
  51 |     '正文内的 ### 标记保持原样',
    at /home/monody/project/SentinelOps/web/tests/unit/markdown-consumers.test.tsx:48:1

ReferenceError: describe is not defined

   at unit/markdown-safety.test.ts:18

  16 | } from '@/components/markdown/markdown'
  17 |
> 18 | describe('Markdown URL safety', () => {
     | ^
  19 |   it.each([
  20 |     'javascript:alert(1)',
  21 |     'java\nscript:alert(1)',
    at /home/monody/project/SentinelOps/web/tests/unit/markdown-safety.test.ts:18:1

ReferenceError: vi is not defined

   at unit/MarkdownRenderer.test.tsx:6

  4 | import MarkdownRenderer from '@/components/markdown/MarkdownRenderer'
  5 |
> 6 | const faults = vi.hoisted(() => ({ parse: false, highlight: false, highlightCalls: 0 }))
    |                ^
  7 | vi.mock('remark-gfm', async (importOriginal) => {
  8 |   const original = await importOriginal<typeof import('remark-gfm')>()
  9 |   return { default: function (...args: Parameters<typeof original.default>) {
    at /home/monody/project/SentinelOps/web/tests/unit/MarkdownRenderer.test.tsx:6:16

TypeError: Cannot read properties of undefined (reading 'config')

   at unit/rag-eval-normalizer.test.ts:4

  2 | import { normalizeDashboardPayload } from '@/services/rageval'
  3 | const valid = { success_rate: 0.5, avg_latency_ms: 30, p95_latency_ms: 40, total_runs: 2, avg_retrieved_docs: 3, avg_top_score: 0.8, success_rate_status: 'good', latency_status: 'good', trends: [] }
> 4 | describe('dashboard boundary', () => {
    | ^
  5 |   it.each([null, {}, [], 'bad'])('unavailable instead of invented metrics: %j', value => {
  6 |     const state = normalizeDashboardPayload(value)
  7 |     expect(state.availability).toBe('unavailable')
    at initSuite (/home/monody/project/SentinelOps/web/node_modules/@vitest/runner/dist/chunk-artifact.js:1848:23)
    at createSuiteCollector (/home/monody/project/SentinelOps/web/node_modules/@vitest/runner/dist/chunk-artifact.js:1709:2)
    at Object.suiteFn (/home/monody/project/SentinelOps/web/node_modules/@vitest/runner/dist/chunk-artifact.js:1951:10)
    at describe (/home/monody/project/SentinelOps/web/node_modules/@vitest/runner/dist/chunk-artifact.js:599:14)
    at /home/monody/project/SentinelOps/web/tests/unit/rag-eval-normalizer.test.ts:4:1

Error: Vitest failed to find the current suite. One of the following is possible:
- "vitest" is imported directly without running "vitest" command
- "vitest" is imported inside "globalSetup" (to fix this, use "setupFiles" instead, because "globalSetup" runs in a different context)
- "vitest" is imported inside Vite / Vitest config file
- Otherwise, it might be a Vitest bug. Please report it to https://github.com/vitest-dev/vitest/issues


   at unit/react-architecture.test.tsx:4

  2 | import { afterEach, expect, it, vi } from 'vitest'
  3 | import RouteContent from '@/components/layout/RouteContent'
> 4 | afterEach(() => { cleanup(); vi.restoreAllMocks() })
    | ^
  5 | it('a failed route preserves a usable navigation sibling and gives recovery', () => {
  6 |   vi.spyOn(console, 'error').mockImplementation(() => {})
  7 |   function Broken(): never { throw new Error('chunk failure') }
    at assert (/home/monody/project/SentinelOps/web/node_modules/@vitest/runner/dist/chunk-artifact.js:1631:9)
    at getCurrentSuite (/home/monody/project/SentinelOps/web/node_modules/@vitest/runner/dist/chunk-artifact.js:1666:2)
    at afterEach (/home/monody/project/SentinelOps/web/node_modules/@vitest/runner/dist/chunk-artifact.js:752:9)
    at /home/monody/project/SentinelOps/web/tests/unit/react-architecture.test.tsx:4:1

ReferenceError: beforeEach is not defined

   at unit/runtime-event-tail.test.ts:70

  68 | const itemsOf = (client: QueryClient, key: readonly unknown[]) => client.getQueryData<RuntimeEventDTO[]>(key) ?? []
  69 |
> 70 | beforeEach(() => {
     | ^
  71 |   serverStatus = 'running'
  72 |   vi.spyOn(runtimeService, 'getRun').mockImplementation(async () => serverRun())
  73 |   localStorage.setItem('token', 'runtime-tail-token')
    at /home/monody/project/SentinelOps/web/tests/unit/runtime-event-tail.test.ts:70:1

ReferenceError: vi is not defined

   at unit/runtime-query-keys.test.ts:13

  11 | import { runtimeQueryKeys, useRuntimeRuns, useRuntimeRun, useRuntimeCapabilities } from '@/hooks/useRuntimeQueries'
  12 |
> 13 | vi.mock('@/services/api', async () => {
     | ^
  14 |   const actual = await vi.importActual<typeof import('@/services/api')>('@/services/api')
  15 |   return { ...actual, default: { get: vi.fn(), post: vi.fn() } }
  16 | })
    at /home/monody/project/SentinelOps/web/tests/unit/runtime-query-keys.test.ts:13:1

ReferenceError: vi is not defined

   at unit/runtime-service.test.ts:4

  2 | import { runtimeService, runtimeLocalTimestamp } from '@/services/runtime'
  3 |
> 4 | vi.mock('@/services/api', async () => {
    | ^
  5 |   const actual = await vi.importActual<typeof import('@/services/api')>('@/services/api')
  6 |   return { ...actual, default: { get: vi.fn(), post: vi.fn() } }
  7 | })
    at /home/monody/project/SentinelOps/web/tests/unit/runtime-service.test.ts:4:1

ReferenceError: describe is not defined

   at unit/smoke.test.ts:6

  4 | import ConfidenceBadge from '@/components/common/ConfidenceBadge'
  5 |
> 6 | describe('focused component test cycle', () => {
    | ^
  7 |   it('renders a source component without global providers', () => {
  8 |     render(createElement(ConfidenceBadge, { confidence: 0.95 }))
  9 |
    at /home/monody/project/SentinelOps/web/tests/unit/smoke.test.ts:6:1

Error: Vitest failed to find the runner. One of the following is possible:
- "vitest" is imported directly without running "vitest" command
- "vitest" is imported inside "globalSetup" (to fix this, use "setupFiles" instead, because "globalSetup" runs in a different context)
- "vitest" is imported inside Vite / Vitest config file
- Otherwise, it might be a Vitest bug. Please report it to https://github.com/vitest-dev/vitest/issues


   at unit/sse-cursor.test.ts:6

  4 | const response = (text: string) => new Response(new ReadableStream({ start(c) { c.enqueue(new TextEncoder().encode(text)); c.close() } }))
  5 | const visibility = async (state: 'hidden' | 'visible') => { await act(async () => { Object.defineProperty(document, 'visibilityState', { configurable: true, value: state }); document.dispatchEvent(new Event('visibilitychange')) }) }
> 6 | beforeEach(() => { vi.useFakeTimers(); vi.stubGlobal('fetch', vi.fn()); Object.defineProperty(document, 'visibilityState', { configurable: true, value: 'visible' }) })
    | ^
  7 | afterEach(() => { vi.useRealTimers(); vi.unstubAllGlobals(); vi.restoreAllMocks() })
  8 | it('owns one listener; pauses hidden retries and refreshes once immediately visible', async () => {
  9 |   const add = vi.spyOn(document, 'addEventListener'), remove = vi.spyOn(document, 'removeEventListener')
    at assert (/home/monody/project/SentinelOps/web/node_modules/@vitest/runner/dist/chunk-artifact.js:1631:9)
    at getRunner (/home/monody/project/SentinelOps/web/node_modules/@vitest/runner/dist/chunk-artifact.js:1639:2)
    at getDefaultHookTimeout (/home/monody/project/SentinelOps/web/node_modules/@vitest/runner/dist/chunk-artifact.js:634:9)
    at beforeEach (/home/monody/project/SentinelOps/web/node_modules/@vitest/runner/dist/chunk-artifact.js:717:35)
    at /home/monody/project/SentinelOps/web/tests/unit/sse-cursor.test.ts:6:1

Error: Vitest failed to find the runner. One of the following is possible:
- "vitest" is imported directly without running "vitest" command
- "vitest" is imported inside "globalSetup" (to fix this, use "setupFiles" instead, because "globalSetup" runs in a different context)
- "vitest" is imported inside Vite / Vitest config file
- Otherwise, it might be a Vitest bug. Please report it to https://github.com/vitest-dev/vitest/issues


   at unit/sse.test.ts:6

  4 | const response = (...chunks: string[]) => new Response(new ReadableStream({ start(c) { chunks.forEach(chunk => c.enqueue(new TextEncoder().encode(chunk))); c.close() } }))
  5 | const flush = async () => { for (let i = 0; i < 30; i++) await Promise.resolve() }
> 6 | beforeEach(() => { vi.useFakeTimers(); vi.stubGlobal('fetch', vi.fn()); localStorage.clear() })
    | ^
  7 | afterEach(() => { vi.useRealTimers(); vi.unstubAllGlobals() })
  8 | describe('shared SSE transport', () => {
  9 |   it('parses byte-split UTF-8, CRLF, multiline JSON and final frames; dedupes', async () => {
    at assert (/home/monody/project/SentinelOps/web/node_modules/@vitest/runner/dist/chunk-artifact.js:1631:9)
    at getRunner (/home/monody/project/SentinelOps/web/node_modules/@vitest/runner/dist/chunk-artifact.js:1639:2)
    at getDefaultHookTimeout (/home/monody/project/SentinelOps/web/node_modules/@vitest/runner/dist/chunk-artifact.js:634:9)
    at beforeEach (/home/monody/project/SentinelOps/web/node_modules/@vitest/runner/dist/chunk-artifact.js:717:35)
    at /home/monody/project/SentinelOps/web/tests/unit/sse.test.ts:6:1
