npm notice run sentinelops-web@1.0.0 npx
npm notice run 'playwright' test tests/ui/runtime-regression.spec.ts tests/ui/runtime-visual-states.spec.ts --workers=1

Running 10 tests using 1 worker

(node:91957) Warning: The 'NO_COLOR' env is ignored due to the 'FORCE_COLOR' env being set.
(Use `node --trace-warnings ...` to show where the warning was created)


[1/10] [chromium-1280] › tests/ui/runtime-regression.spec.ts:10:3 › real persisted Runtime › v2 create, worker terminal, incremental tail and all read surfaces
[2/10] [chromium-1280] › tests/ui/runtime-regression.spec.ts:75:3 › real persisted Runtime › admin cancel returns 202 and reaches durable operation terminal
  1) [chromium-1280] › tests/ui/runtime-regression.spec.ts:75:3 › real persisted Runtime › admin cancel returns 202 and reaches durable operation terminal

    Error: expect(received).toBe(expected) // Object.is equality

    Expected: "succeeded"
    Received: "canceled"

      91 |       return operation.terminal
      92 |     }, { timeout: 45000 }).toBe(true)
    > 93 |     expect(operation.status).toBe('succeeded')
         |                              ^
      94 |     const final = (await (await request.get(`${apiURL}/api/runtime/v1/runs/${runId}`, { headers })).json()).data.item
      95 |     expect(final.summary.status).toBe('canceled')
      96 |     const dir = `../output/playwright/runtime-${testInfo.project.use.viewport!.width}/live`
        at /home/monody/project/SentinelOps/web/tests/ui/runtime-regression.spec.ts:93:30

    Error Context: test-results/ui-runtime-regression-real-6b86c--durable-operation-terminal-chromium-1280/error-context.md

    attachment #2: trace (application/zip) ─────────────────────────────────────────────────────────
    test-results/ui-runtime-regression-real-6b86c--durable-operation-terminal-chromium-1280/trace.zip
    Usage:

        npx playwright show-trace test-results/ui-runtime-regression-real-6b86c--durable-operation-terminal-chromium-1280/trace.zip

    ────────────────────────────────────────────────────────────────────────────────────────────────


(node:94065) Warning: The 'NO_COLOR' env is ignored due to the 'FORCE_COLOR' env being set.
(Use `node --trace-warnings ...` to show where the warning was created)


[3/10] [chromium-1280] › tests/ui/runtime-visual-states.spec.ts:5:3 › runtime visual states and motion at 1280
[4/10] [chromium-1280] › tests/ui/runtime-visual-states.spec.ts:5:3 › runtime visual states and motion at 1440
[5/10] [chromium-1280] › tests/ui/runtime-visual-states.spec.ts:41:1 › loading, empty and unavailable evidence states
  2) [chromium-1280] › tests/ui/runtime-visual-states.spec.ts:41:1 › loading, empty and unavailable evidence states

    Error: expect(locator).toBeVisible() failed

    Locator: getByTestId('runtime-detail-loading')
    Expected: visible
    Timeout: 5000ms
    Error: element(s) not found

    Call log:
      - Expect "toBeVisible" with timeout 5000ms
      - waiting for getByTestId('runtime-detail-loading')


      51 |   await mkdir(dir, { recursive: true })
      52 |   await page.goto('/runtime/runs/run-1')
    > 53 |   await expect(page.getByTestId('runtime-detail-loading')).toBeVisible()
         |                                                            ^
      54 |   await page.screenshot({ path: `${dir}/loading.png`, fullPage: true })
      55 |   state = 'empty'; release!()
      56 |   await expect(page.getByTestId('runtime-detail-empty')).toBeVisible()
        at /home/monody/project/SentinelOps/web/tests/ui/runtime-visual-states.spec.ts:53:60

    Error Context: test-results/ui-runtime-visual-states-l-962bd-unavailable-evidence-states-chromium-1280/error-context.md

    attachment #2: trace (application/zip) ─────────────────────────────────────────────────────────
    test-results/ui-runtime-visual-states-l-962bd-unavailable-evidence-states-chromium-1280/trace.zip
    Usage:

        npx playwright show-trace test-results/ui-runtime-visual-states-l-962bd-unavailable-evidence-states-chromium-1280/trace.zip

    ────────────────────────────────────────────────────────────────────────────────────────────────


(node:95004) Warning: The 'NO_COLOR' env is ignored due to the 'FORCE_COLOR' env being set.
(Use `node --trace-warnings ...` to show where the warning was created)


[6/10] [chromium-1440] › tests/ui/runtime-regression.spec.ts:10:3 › real persisted Runtime › v2 create, worker terminal, incremental tail and all read surfaces
[7/10] [chromium-1440] › tests/ui/runtime-regression.spec.ts:75:3 › real persisted Runtime › admin cancel returns 202 and reaches durable operation terminal
  3) [chromium-1440] › tests/ui/runtime-regression.spec.ts:75:3 › real persisted Runtime › admin cancel returns 202 and reaches durable operation terminal

    Error: expect(received).toBe(expected) // Object.is equality

    Expected: "succeeded"
    Received: "canceled"

      91 |       return operation.terminal
      92 |     }, { timeout: 45000 }).toBe(true)
    > 93 |     expect(operation.status).toBe('succeeded')
         |                              ^
      94 |     const final = (await (await request.get(`${apiURL}/api/runtime/v1/runs/${runId}`, { headers })).json()).data.item
      95 |     expect(final.summary.status).toBe('canceled')
      96 |     const dir = `../output/playwright/runtime-${testInfo.project.use.viewport!.width}/live`
        at /home/monody/project/SentinelOps/web/tests/ui/runtime-regression.spec.ts:93:30

    Error Context: test-results/ui-runtime-regression-real-6b86c--durable-operation-terminal-chromium-1440/error-context.md

    attachment #2: trace (application/zip) ─────────────────────────────────────────────────────────
    test-results/ui-runtime-regression-real-6b86c--durable-operation-terminal-chromium-1440/trace.zip
    Usage:

        npx playwright show-trace test-results/ui-runtime-regression-real-6b86c--durable-operation-terminal-chromium-1440/trace.zip

    ────────────────────────────────────────────────────────────────────────────────────────────────


(node:96988) Warning: The 'NO_COLOR' env is ignored due to the 'FORCE_COLOR' env being set.
(Use `node --trace-warnings ...` to show where the warning was created)


[8/10] [chromium-1440] › tests/ui/runtime-visual-states.spec.ts:5:3 › runtime visual states and motion at 1280
[9/10] [chromium-1440] › tests/ui/runtime-visual-states.spec.ts:5:3 › runtime visual states and motion at 1440
[10/10] [chromium-1440] › tests/ui/runtime-visual-states.spec.ts:41:1 › loading, empty and unavailable evidence states
  4) [chromium-1440] › tests/ui/runtime-visual-states.spec.ts:41:1 › loading, empty and unavailable evidence states

    Error: expect(locator).toBeVisible() failed

    Locator: getByTestId('runtime-detail-loading')
    Expected: visible
    Timeout: 5000ms
    Error: element(s) not found

    Call log:
      - Expect "toBeVisible" with timeout 5000ms
      - waiting for getByTestId('runtime-detail-loading')


      51 |   await mkdir(dir, { recursive: true })
      52 |   await page.goto('/runtime/runs/run-1')
    > 53 |   await expect(page.getByTestId('runtime-detail-loading')).toBeVisible()
         |                                                            ^
      54 |   await page.screenshot({ path: `${dir}/loading.png`, fullPage: true })
      55 |   state = 'empty'; release!()
      56 |   await expect(page.getByTestId('runtime-detail-empty')).toBeVisible()
        at /home/monody/project/SentinelOps/web/tests/ui/runtime-visual-states.spec.ts:53:60

    Error Context: test-results/ui-runtime-visual-states-l-962bd-unavailable-evidence-states-chromium-1440/error-context.md

    attachment #2: trace (application/zip) ─────────────────────────────────────────────────────────
    test-results/ui-runtime-visual-states-l-962bd-unavailable-evidence-states-chromium-1440/trace.zip
    Usage:

        npx playwright show-trace test-results/ui-runtime-visual-states-l-962bd-unavailable-evidence-states-chromium-1440/trace.zip

    ────────────────────────────────────────────────────────────────────────────────────────────────


  4 failed
    [chromium-1280] › tests/ui/runtime-regression.spec.ts:75:3 › real persisted Runtime › admin cancel returns 202 and reaches durable operation terminal
    [chromium-1280] › tests/ui/runtime-visual-states.spec.ts:41:1 › loading, empty and unavailable evidence states
    [chromium-1440] › tests/ui/runtime-regression.spec.ts:75:3 › real persisted Runtime › admin cancel returns 202 and reaches durable operation terminal
    [chromium-1440] › tests/ui/runtime-visual-states.spec.ts:41:1 › loading, empty and unavailable evidence states
  6 passed (1.8m)
