WARNING: sonic/ast only supports (go1.17~1.26 and amd64 CPU) or (go1.20~1.26 and arm64 CPU), but your environment is not suitable and will fallback to encoding/json
2026-09-12T12:16:49.486+08:00 [INFO] pid[84461]: http server started listening on [:46423]
2026-09-12T12:16:49.486+08:00 [INFO] swagger ui is serving at address: http://127.0.0.1:46423/swagger/
2026-09-12T12:16:49.486+08:00 [INFO] openapi specification is serving at address: http://127.0.0.1:46423/api.json
2026-09-12T12:16:49.490+08:00 [INFO] pid[84461]: all servers shutdown
--- FAIL: TestRuntimeStatusPreservesSingleJSONEnvelope (0.03s)
    --- FAIL: TestRuntimeStatusPreservesSingleJSONEnvelope/202 (0.00s)
        http_response_test.go:54: invalid JSON envelope "Accepted{\"message\":\"OK\",\"data\":null}": invalid character 'A' looking for beginning of value
    --- FAIL: TestRuntimeStatusPreservesSingleJSONEnvelope/400 (0.00s)
        http_response_test.go:54: invalid JSON envelope "Bad Request{\"message\":\"OK\",\"data\":null}": invalid character 'B' looking for beginning of value
    --- FAIL: TestRuntimeStatusPreservesSingleJSONEnvelope/403 (0.00s)
        http_response_test.go:54: invalid JSON envelope "Forbidden{\"message\":\"OK\",\"data\":null}": invalid character 'F' looking for beginning of value
    --- FAIL: TestRuntimeStatusPreservesSingleJSONEnvelope/404 (0.00s)
        http_response_test.go:54: invalid JSON envelope "Not Found{\"message\":\"OK\",\"data\":null}": invalid character 'N' looking for beginning of value
    --- FAIL: TestRuntimeStatusPreservesSingleJSONEnvelope/409 (0.00s)
        http_response_test.go:54: invalid JSON envelope "Conflict{\"message\":\"OK\",\"data\":null}": invalid character 'C' looking for beginning of value
    --- FAIL: TestRuntimeStatusPreservesSingleJSONEnvelope/422 (0.00s)
        http_response_test.go:54: invalid JSON envelope "Unprocessable Entity{\"message\":\"OK\",\"data\":null}": invalid character 'U' looking for beginning of value
    --- FAIL: TestRuntimeStatusPreservesSingleJSONEnvelope/503 (0.00s)
        http_response_test.go:54: invalid JSON envelope "Service Unavailable{\"message\":\"OK\",\"data\":null}": invalid character 'S' looking for beginning of value
FAIL
FAIL	SentinelOps/internal/controller/runtime	0.217s
FAIL
