npm notice run sentinelops-web@1.0.0 npx
npm notice run 'playwright' test tests/ui/runtime-regression.spec.ts --workers=1

Running 4 tests using 1 worker

(node:75208) Warning: The 'NO_COLOR' env is ignored due to the 'FORCE_COLOR' env being set.
(Use `node --trace-warnings ...` to show where the warning was created)


[1/4] [chromium-1280] › tests/ui/runtime-regression.spec.ts:10:3 › real persisted Runtime › v2 create, worker terminal, incremental tail and all read surfaces
[2/4] [chromium-1280] › tests/ui/runtime-regression.spec.ts:73:3 › real persisted Runtime › admin cancel returns 202 and reaches durable operation terminal
  1) [chromium-1280] › tests/ui/runtime-regression.spec.ts:73:3 › real persisted Runtime › admin cancel returns 202 and reaches durable operation terminal

    SyntaxError: Unexpected token 'A', "Accepted{""... is not valid JSON

      81 |     const accepted = await request.post(`${apiURL}/api/runtime/v1/runs/${runId}/recovery`, { headers, data: body })
      82 |     expect(accepted.status()).toBe(202)
    > 83 |     const op = (await accepted.json()).data.operation
         |                 ^
      84 |     const repeat = await request.post(`${apiURL}/api/runtime/v1/runs/${runId}/recovery`, { headers, data: body })
      85 |     expect((await repeat.json()).data.operation.operation_id).toBe(op.operation_id)
      86 |     let operation: any
        at /home/monody/project/SentinelOps/web/tests/ui/runtime-regression.spec.ts:83:17

    Error Context: test-results/ui-runtime-regression-real-6b86c--durable-operation-terminal-chromium-1280/error-context.md

    attachment #2: trace (application/zip) ─────────────────────────────────────────────────────────
    test-results/ui-runtime-regression-real-6b86c--durable-operation-terminal-chromium-1280/trace.zip
    Usage:

        npx playwright show-trace test-results/ui-runtime-regression-real-6b86c--durable-operation-terminal-chromium-1280/trace.zip

    ────────────────────────────────────────────────────────────────────────────────────────────────


(node:76925) Warning: The 'NO_COLOR' env is ignored due to the 'FORCE_COLOR' env being set.
(Use `node --trace-warnings ...` to show where the warning was created)


[3/4] [chromium-1440] › tests/ui/runtime-regression.spec.ts:10:3 › real persisted Runtime › v2 create, worker terminal, incremental tail and all read surfaces
[4/4] [chromium-1440] › tests/ui/runtime-regression.spec.ts:73:3 › real persisted Runtime › admin cancel returns 202 and reaches durable operation terminal
  2) [chromium-1440] › tests/ui/runtime-regression.spec.ts:73:3 › real persisted Runtime › admin cancel returns 202 and reaches durable operation terminal

    SyntaxError: Unexpected token 'A', "Accepted{""... is not valid JSON

      81 |     const detail = (await (await request.get(`${apiURL}/api/runtime/v1/runs/${runId}`, { headers })).json()).data.item
      82 |     const body = { action: 'cancel', reason: 'Phase F host acceptance: cancel before further processing', expected_generation: detail.summary.lease_generation, idempotency_key: crypto.randomUUID() }
    > 83 |     const accepted = await request.post(`${apiURL}/api/runtime/v1/runs/${runId}/recovery`, { headers, data: body })
         |                 ^
      84 |     expect(accepted.status()).toBe(202)
      85 |     const op = (await accepted.json()).data.operation
      86 |     const repeat = await request.post(`${apiURL}/api/runtime/v1/runs/${runId}/recovery`, { headers, data: body })
        at /home/monody/project/SentinelOps/web/tests/ui/runtime-regression.spec.ts:83:17

    Error Context: test-results/ui-runtime-regression-real-6b86c--durable-operation-terminal-chromium-1440/error-context.md

    attachment #2: trace (application/zip) ─────────────────────────────────────────────────────────
    test-results/ui-runtime-regression-real-6b86c--durable-operation-terminal-chromium-1440/trace.zip
    Usage:

        npx playwright show-trace test-results/ui-runtime-regression-real-6b86c--durable-operation-terminal-chromium-1440/trace.zip

    ────────────────────────────────────────────────────────────────────────────────────────────────


  2 failed
    [chromium-1280] › tests/ui/runtime-regression.spec.ts:73:3 › real persisted Runtime › admin cancel returns 202 and reaches durable operation terminal
    [chromium-1440] › tests/ui/runtime-regression.spec.ts:73:3 › real persisted Runtime › admin cancel returns 202 and reaches durable operation terminal
  2 passed (44.8s)
