npm notice run sentinelops-web@1.0.0 npx
npm notice run 'playwright' test tests/ui/runtime-regression.spec.ts tests/ui/runtime-visual-states.spec.ts --workers=1

Running 10 tests using 1 worker

(node:919453) Warning: The 'NO_COLOR' env is ignored due to the 'FORCE_COLOR' env being set.
(Use `node --trace-warnings ...` to show where the warning was created)


[1/10] [chromium-1280] › tests/ui/runtime-regression.spec.ts:10:3 › real persisted Runtime › v2 create, worker terminal, incremental tail and all read surfaces
  1) [chromium-1280] › tests/ui/runtime-regression.spec.ts:10:3 › real persisted Runtime › v2 create, worker terminal, incremental tail and all read surfaces

    Error: page.goto: net::ERR_CONNECTION_REFUSED at http://127.0.0.1:5174/runtime/runs/fd2889a1-3094-4ef0-ace4-faf64e6ca819
    Call log:
      - navigating to "http://127.0.0.1:5174/runtime/runs/fd2889a1-3094-4ef0-ace4-faf64e6ca819", waiting until "load"


      22 |     const errors: string[] = []
      23 |     page.on('pageerror', e => errors.push(e.message))
    > 24 |     await page.goto(`/runtime/runs/${run.run_id}`)
         |                ^
      25 |     let detail: any
      26 |     await expect.poll(async () => {
      27 |       const response = await request.get(`${apiURL}/api/runtime/v1/runs/${run.run_id}`, { headers })
        at /home/monody/project/SentinelOps/web/tests/ui/runtime-regression.spec.ts:24:16

    Error Context: test-results/ui-runtime-regression-real-7e70f--tail-and-all-read-surfaces-chromium-1280/error-context.md

    attachment #2: trace (application/zip) ─────────────────────────────────────────────────────────
    test-results/ui-runtime-regression-real-7e70f--tail-and-all-read-surfaces-chromium-1280/trace.zip
    Usage:

        npx playwright show-trace test-results/ui-runtime-regression-real-7e70f--tail-and-all-read-surfaces-chromium-1280/trace.zip

    ────────────────────────────────────────────────────────────────────────────────────────────────


(node:919597) Warning: The 'NO_COLOR' env is ignored due to the 'FORCE_COLOR' env being set.
(Use `node --trace-warnings ...` to show where the warning was created)


[2/10] [chromium-1280] › tests/ui/runtime-regression.spec.ts:75:3 › real persisted Runtime › admin cancel returns 202 and reaches durable operation terminal
[3/10] [chromium-1280] › tests/ui/runtime-visual-states.spec.ts:5:3 › runtime visual states and motion at 1280
  2) [chromium-1280] › tests/ui/runtime-visual-states.spec.ts:5:3 › runtime visual states and motion at 1280

    Error: page.goto: net::ERR_CONNECTION_REFUSED at http://127.0.0.1:5174/runtime/runs/run-1
    Call log:
      - navigating to "http://127.0.0.1:5174/runtime/runs/run-1", waiting until "load"


      20 |     for (const state of ['failed', 'parked', 'reconciling', 'succeeded']) {
      21 |       status = state
    > 22 |       await page.goto('/runtime/runs/run-1')
         |                  ^
      23 |       await expect(page.locator(`[data-testid="runtime-status-badge"][data-status="${state}"]`).first()).toBeVisible()
      24 |       await page.screenshot({ path: `${dir}/${state}.png`, fullPage: true })
      25 |       expect(await page.locator('main').evaluate(el => el.scrollWidth <= el.clientWidth)).toBe(true)
        at /home/monody/project/SentinelOps/web/tests/ui/runtime-visual-states.spec.ts:22:18

    Error Context: test-results/ui-runtime-visual-states-r-eb14c-l-states-and-motion-at-1280-chromium-1280/error-context.md

    attachment #2: trace (application/zip) ─────────────────────────────────────────────────────────
    test-results/ui-runtime-visual-states-r-eb14c-l-states-and-motion-at-1280-chromium-1280/trace.zip
    Usage:

        npx playwright show-trace test-results/ui-runtime-visual-states-r-eb14c-l-states-and-motion-at-1280-chromium-1280/trace.zip

    ────────────────────────────────────────────────────────────────────────────────────────────────


(node:919755) Warning: The 'NO_COLOR' env is ignored due to the 'FORCE_COLOR' env being set.
(Use `node --trace-warnings ...` to show where the warning was created)


[4/10] [chromium-1280] › tests/ui/runtime-visual-states.spec.ts:5:3 › runtime visual states and motion at 1440
  3) [chromium-1280] › tests/ui/runtime-visual-states.spec.ts:5:3 › runtime visual states and motion at 1440

    Error: page.goto: net::ERR_CONNECTION_REFUSED at http://127.0.0.1:5174/runtime/runs/run-1
    Call log:
      - navigating to "http://127.0.0.1:5174/runtime/runs/run-1", waiting until "load"


      20 |     for (const state of ['failed', 'parked', 'reconciling', 'succeeded']) {
      21 |       status = state
    > 22 |       await page.goto('/runtime/runs/run-1')
         |                  ^
      23 |       await expect(page.locator(`[data-testid="runtime-status-badge"][data-status="${state}"]`).first()).toBeVisible()
      24 |       await page.screenshot({ path: `${dir}/${state}.png`, fullPage: true })
      25 |       expect(await page.locator('main').evaluate(el => el.scrollWidth <= el.clientWidth)).toBe(true)
        at /home/monody/project/SentinelOps/web/tests/ui/runtime-visual-states.spec.ts:22:18

    Error Context: test-results/ui-runtime-visual-states-r-bcff2-l-states-and-motion-at-1440-chromium-1280/error-context.md

    attachment #2: trace (application/zip) ─────────────────────────────────────────────────────────
    test-results/ui-runtime-visual-states-r-bcff2-l-states-and-motion-at-1440-chromium-1280/trace.zip
    Usage:

        npx playwright show-trace test-results/ui-runtime-visual-states-r-bcff2-l-states-and-motion-at-1440-chromium-1280/trace.zip

    ────────────────────────────────────────────────────────────────────────────────────────────────


(node:919841) Warning: The 'NO_COLOR' env is ignored due to the 'FORCE_COLOR' env being set.
(Use `node --trace-warnings ...` to show where the warning was created)


[5/10] [chromium-1280] › tests/ui/runtime-visual-states.spec.ts:41:1 › loading, empty and unavailable evidence states
  4) [chromium-1280] › tests/ui/runtime-visual-states.spec.ts:41:1 › loading, empty and unavailable evidence states

    Error: page.goto: net::ERR_CONNECTION_REFUSED at http://127.0.0.1:5174/runtime/runs/run-1
    Call log:
      - navigating to "http://127.0.0.1:5174/runtime/runs/run-1", waiting until "load"


      51 |   const dir = `../output/playwright/runtime-${testInfo.project.use.viewport!.width}/final`
      52 |   await mkdir(dir, { recursive: true })
    > 53 |   await page.goto('/runtime/runs/run-1')
         |              ^
      54 |   await expect(page.getByTestId('runtime-detail-loading')).toBeVisible()
      55 |   await page.screenshot({ path: `${dir}/loading.png`, fullPage: true })
      56 |   state = 'empty'; release!()
        at /home/monody/project/SentinelOps/web/tests/ui/runtime-visual-states.spec.ts:53:14

    Error Context: test-results/ui-runtime-visual-states-l-962bd-unavailable-evidence-states-chromium-1280/error-context.md

    attachment #2: trace (application/zip) ─────────────────────────────────────────────────────────
    test-results/ui-runtime-visual-states-l-962bd-unavailable-evidence-states-chromium-1280/trace.zip
    Usage:

        npx playwright show-trace test-results/ui-runtime-visual-states-l-962bd-unavailable-evidence-states-chromium-1280/trace.zip

    ────────────────────────────────────────────────────────────────────────────────────────────────


(node:919931) Warning: The 'NO_COLOR' env is ignored due to the 'FORCE_COLOR' env being set.
(Use `node --trace-warnings ...` to show where the warning was created)


[6/10] [chromium-1440] › tests/ui/runtime-regression.spec.ts:10:3 › real persisted Runtime › v2 create, worker terminal, incremental tail and all read surfaces
  5) [chromium-1440] › tests/ui/runtime-regression.spec.ts:10:3 › real persisted Runtime › v2 create, worker terminal, incremental tail and all read surfaces

    Error: page.goto: net::ERR_CONNECTION_REFUSED at http://127.0.0.1:5174/runtime/runs/3e17f647-9a5d-4ff1-8c78-f7dd62262f13
    Call log:
      - navigating to "http://127.0.0.1:5174/runtime/runs/3e17f647-9a5d-4ff1-8c78-f7dd62262f13", waiting until "load"


      22 |     const errors: string[] = []
      23 |     page.on('pageerror', e => errors.push(e.message))
    > 24 |     await page.goto(`/runtime/runs/${run.run_id}`)
         |                ^
      25 |     let detail: any
      26 |     await expect.poll(async () => {
      27 |       const response = await request.get(`${apiURL}/api/runtime/v1/runs/${run.run_id}`, { headers })
        at /home/monody/project/SentinelOps/web/tests/ui/runtime-regression.spec.ts:24:16

    Error Context: test-results/ui-runtime-regression-real-7e70f--tail-and-all-read-surfaces-chromium-1440/error-context.md

    attachment #2: trace (application/zip) ─────────────────────────────────────────────────────────
    test-results/ui-runtime-regression-real-7e70f--tail-and-all-read-surfaces-chromium-1440/trace.zip
    Usage:

        npx playwright show-trace test-results/ui-runtime-regression-real-7e70f--tail-and-all-read-surfaces-chromium-1440/trace.zip

    ────────────────────────────────────────────────────────────────────────────────────────────────


(node:920019) Warning: The 'NO_COLOR' env is ignored due to the 'FORCE_COLOR' env being set.
(Use `node --trace-warnings ...` to show where the warning was created)


[7/10] [chromium-1440] › tests/ui/runtime-regression.spec.ts:75:3 › real persisted Runtime › admin cancel returns 202 and reaches durable operation terminal
[8/10] [chromium-1440] › tests/ui/runtime-visual-states.spec.ts:5:3 › runtime visual states and motion at 1280
  6) [chromium-1440] › tests/ui/runtime-visual-states.spec.ts:5:3 › runtime visual states and motion at 1280

    Error: page.goto: net::ERR_CONNECTION_REFUSED at http://127.0.0.1:5174/runtime/runs/run-1
    Call log:
      - navigating to "http://127.0.0.1:5174/runtime/runs/run-1", waiting until "load"


      20 |     for (const state of ['failed', 'parked', 'reconciling', 'succeeded']) {
      21 |       status = state
    > 22 |       await page.goto('/runtime/runs/run-1')
         |                  ^
      23 |       await expect(page.locator(`[data-testid="runtime-status-badge"][data-status="${state}"]`).first()).toBeVisible()
      24 |       await page.screenshot({ path: `${dir}/${state}.png`, fullPage: true })
      25 |       expect(await page.locator('main').evaluate(el => el.scrollWidth <= el.clientWidth)).toBe(true)
        at /home/monody/project/SentinelOps/web/tests/ui/runtime-visual-states.spec.ts:22:18

    Error Context: test-results/ui-runtime-visual-states-r-eb14c-l-states-and-motion-at-1280-chromium-1440/error-context.md

    attachment #2: trace (application/zip) ─────────────────────────────────────────────────────────
    test-results/ui-runtime-visual-states-r-eb14c-l-states-and-motion-at-1280-chromium-1440/trace.zip
    Usage:

        npx playwright show-trace test-results/ui-runtime-visual-states-r-eb14c-l-states-and-motion-at-1280-chromium-1440/trace.zip

    ────────────────────────────────────────────────────────────────────────────────────────────────


(node:920409) Warning: The 'NO_COLOR' env is ignored due to the 'FORCE_COLOR' env being set.
(Use `node --trace-warnings ...` to show where the warning was created)


[9/10] [chromium-1440] › tests/ui/runtime-visual-states.spec.ts:5:3 › runtime visual states and motion at 1440
  7) [chromium-1440] › tests/ui/runtime-visual-states.spec.ts:5:3 › runtime visual states and motion at 1440

    Error: page.goto: net::ERR_CONNECTION_REFUSED at http://127.0.0.1:5174/runtime/runs/run-1
    Call log:
      - navigating to "http://127.0.0.1:5174/runtime/runs/run-1", waiting until "load"


      20 |     for (const state of ['failed', 'parked', 'reconciling', 'succeeded']) {
      21 |       status = state
    > 22 |       await page.goto('/runtime/runs/run-1')
         |                  ^
      23 |       await expect(page.locator(`[data-testid="runtime-status-badge"][data-status="${state}"]`).first()).toBeVisible()
      24 |       await page.screenshot({ path: `${dir}/${state}.png`, fullPage: true })
      25 |       expect(await page.locator('main').evaluate(el => el.scrollWidth <= el.clientWidth)).toBe(true)
        at /home/monody/project/SentinelOps/web/tests/ui/runtime-visual-states.spec.ts:22:18

    Error Context: test-results/ui-runtime-visual-states-r-bcff2-l-states-and-motion-at-1440-chromium-1440/error-context.md

    attachment #2: trace (application/zip) ─────────────────────────────────────────────────────────
    test-results/ui-runtime-visual-states-r-bcff2-l-states-and-motion-at-1440-chromium-1440/trace.zip
    Usage:

        npx playwright show-trace test-results/ui-runtime-visual-states-r-bcff2-l-states-and-motion-at-1440-chromium-1440/trace.zip

    ────────────────────────────────────────────────────────────────────────────────────────────────


(node:920540) Warning: The 'NO_COLOR' env is ignored due to the 'FORCE_COLOR' env being set.
(Use `node --trace-warnings ...` to show where the warning was created)


[10/10] [chromium-1440] › tests/ui/runtime-visual-states.spec.ts:41:1 › loading, empty and unavailable evidence states
  8) [chromium-1440] › tests/ui/runtime-visual-states.spec.ts:41:1 › loading, empty and unavailable evidence states

    Error: page.goto: net::ERR_CONNECTION_REFUSED at http://127.0.0.1:5174/runtime/runs/run-1
    Call log:
      - navigating to "http://127.0.0.1:5174/runtime/runs/run-1", waiting until "load"


      51 |   const dir = `../output/playwright/runtime-${testInfo.project.use.viewport!.width}/final`
      52 |   await mkdir(dir, { recursive: true })
    > 53 |   await page.goto('/runtime/runs/run-1')
         |              ^
      54 |   await expect(page.getByTestId('runtime-detail-loading')).toBeVisible()
      55 |   await page.screenshot({ path: `${dir}/loading.png`, fullPage: true })
      56 |   state = 'empty'; release!()
        at /home/monody/project/SentinelOps/web/tests/ui/runtime-visual-states.spec.ts:53:14

    Error Context: test-results/ui-runtime-visual-states-l-962bd-unavailable-evidence-states-chromium-1440/error-context.md

    attachment #2: trace (application/zip) ─────────────────────────────────────────────────────────
    test-results/ui-runtime-visual-states-l-962bd-unavailable-evidence-states-chromium-1440/trace.zip
    Usage:

        npx playwright show-trace test-results/ui-runtime-visual-states-l-962bd-unavailable-evidence-states-chromium-1440/trace.zip

    ────────────────────────────────────────────────────────────────────────────────────────────────


  8 failed
    [chromium-1280] › tests/ui/runtime-regression.spec.ts:10:3 › real persisted Runtime › v2 create, worker terminal, incremental tail and all read surfaces
    [chromium-1280] › tests/ui/runtime-visual-states.spec.ts:5:3 › runtime visual states and motion at 1280
    [chromium-1280] › tests/ui/runtime-visual-states.spec.ts:5:3 › runtime visual states and motion at 1440
    [chromium-1280] › tests/ui/runtime-visual-states.spec.ts:41:1 › loading, empty and unavailable evidence states
    [chromium-1440] › tests/ui/runtime-regression.spec.ts:10:3 › real persisted Runtime › v2 create, worker terminal, incremental tail and all read surfaces
    [chromium-1440] › tests/ui/runtime-visual-states.spec.ts:5:3 › runtime visual states and motion at 1280
    [chromium-1440] › tests/ui/runtime-visual-states.spec.ts:5:3 › runtime visual states and motion at 1440
    [chromium-1440] › tests/ui/runtime-visual-states.spec.ts:41:1 › loading, empty and unavailable evidence states
  2 passed (16.1s)
